
 /----------------------------------------------------------------------------\
 |                                                                            |
 |  yosys -- Yosys Open SYnthesis Suite                                       |
 |                                                                            |
 |  Copyright (C) 2012 - 2020  Claire Xenia Wolf <claire@yosyshq.com>         |
 |                                                                            |
 |  Permission to use, copy, modify, and/or distribute this software for any  |
 |  purpose with or without fee is hereby granted, provided that the above    |
 |  copyright notice and this permission notice appear in all copies.         |
 |                                                                            |
 |  THE SOFTWARE IS PROVIDED "AS IS" AND THE AUTHOR DISCLAIMS ALL WARRANTIES  |
 |  WITH REGARD TO THIS SOFTWARE INCLUDING ALL IMPLIED WARRANTIES OF          |
 |  MERCHANTABILITY AND FITNESS. IN NO EVENT SHALL THE AUTHOR BE LIABLE FOR   |
 |  ANY SPECIAL, DIRECT, INDIRECT, OR CONSEQUENTIAL DAMAGES OR ANY DAMAGES    |
 |  WHATSOEVER RESULTING FROM LOSS OF USE, DATA OR PROFITS, WHETHER IN AN     |
 |  ACTION OF CONTRACT, NEGLIGENCE OR OTHER TORTIOUS ACTION, ARISING OUT OF   |
 |  OR IN CONNECTION WITH THE USE OR PERFORMANCE OF THIS SOFTWARE.            |
 |                                                                            |
 \----------------------------------------------------------------------------/

 Yosys 0.37+1 (git sha1 37a6c9a09, clang 14.0.0-1ubuntu1.1 -fPIC -Os)


-- Executing script file `design_prep.ys' --

1. Executing RTLIL frontend.
Input filename: design.il

2. Executing SCC pass (detecting logic loops).
Found 0 SCCs in module pe_formal.
Found 0 SCCs.

3. Executing SIMPLEMAP pass (map simple cells to gate primitives).

4. Executing MEMORY_NORDFF pass (extracting $dff cells from memories).

5. Executing ASYNC2SYNC pass.
Replacing pe_formal.$procdff$448 ($adff): ARST=\rst_n, D=$0\pipe_v0[0:0], Q=\pipe_v0
Replacing pe_formal.$procdff$445 ($adff): ARST=\rst_n, D=$0\pipe_v1[0:0], Q=\pipe_v1
Replacing pe_formal.$procdff$440 ($adff): ARST=\rst_n, D=$0\pipe_v2[0:0], Q=\pipe_v2
Replacing pe_formal.$auto$ff.cc:266:slice$460 ($adffe): ARST=\rst_n, D=\north_in, Q=\north_lat
Replacing pe_formal.$auto$ff.cc:266:slice$457 ($adffe): ARST=\rst_n, D=\west_in, Q=\west_lat
Replacing pe_formal.$auto$ff.cc:266:slice$456 ($adffe): ARST=\rst_n, D=\mac_result, Q=\accumulator
Replacing pe_formal.$auto$ff.cc:266:slice$455 ($adffe): ARST=\rst_n, D=\accumulator, Q=\acc_reg
Replacing pe_formal.$auto$ff.cc:266:slice$454 ($adffe): ARST=\rst_n, D=\west_lat, Q=\east_reg
Replacing pe_formal.$auto$ff.cc:266:slice$453 ($adffe): ARST=\rst_n, D=\north_lat, Q=\south_reg

6. Executing OPT_CLEAN pass (remove unused cells and wires).
Finding unused cells or wires in module \pe_formal..
Removed 2 unused cells and 2 unused wires.
<suppressed ~3 debug messages>

7. Executing FORMALFF pass.

8. Executing OPT_CLEAN pass (remove unused cells and wires).
Finding unused cells or wires in module \pe_formal..
Removed 39 unused cells and 39 unused wires.
<suppressed ~41 debug messages>

9. Executing CHECK pass (checking for obvious problems).
Checking module pe_formal...
Found and reported 0 problems.

10. Executing SETUNDEF pass (replace undef values with defined constants).

11. Executing OPT pass (performing simple optimizations).

11.1. Executing OPT_EXPR pass (perform const folding).
Optimizing module pe_formal.

11.2. Executing OPT_MERGE pass (detect identical cells).
Finding identical cells in module `\pe_formal'.
Removed a total of 0 cells.

11.3. Executing OPT_DFF pass (perform DFF optimizations).

11.4. Executing OPT_CLEAN pass (remove unused cells and wires).
Finding unused cells or wires in module \pe_formal..

11.5. Finished fast OPT passes.

12. Executing OPT_CLEAN pass (remove unused cells and wires).
Finding unused cells or wires in module \pe_formal..
Removed 0 unused cells and 37 unused wires.
<suppressed ~1 debug messages>

13. Executing RTLIL backend.
Output filename: ../model/design_prep.il

End of script. Logfile hash: ebd6e1fbf0, CPU: user 0.03s system 0.01s, MEM: 11.88 MB peak
Yosys 0.37+1 (git sha1 37a6c9a09, clang 14.0.0-1ubuntu1.1 -fPIC -Os)
Time spent: 42% 4x opt_clean (0 sec), 16% 1x check (0 sec), ...
