
 /----------------------------------------------------------------------------\
 |                                                                            |
 |  yosys -- Yosys Open SYnthesis Suite                                       |
 |                                                                            |
 |  Copyright (C) 2012 - 2020  Claire Xenia Wolf <claire@yosyshq.com>         |
 |                                                                            |
 |  Permission to use, copy, modify, and/or distribute this software for any  |
 |  purpose with or without fee is hereby granted, provided that the above    |
 |  copyright notice and this permission notice appear in all copies.         |
 |                                                                            |
 |  THE SOFTWARE IS PROVIDED "AS IS" AND THE AUTHOR DISCLAIMS ALL WARRANTIES  |
 |  WITH REGARD TO THIS SOFTWARE INCLUDING ALL IMPLIED WARRANTIES OF          |
 |  MERCHANTABILITY AND FITNESS. IN NO EVENT SHALL THE AUTHOR BE LIABLE FOR   |
 |  ANY SPECIAL, DIRECT, INDIRECT, OR CONSEQUENTIAL DAMAGES OR ANY DAMAGES    |
 |  WHATSOEVER RESULTING FROM LOSS OF USE, DATA OR PROFITS, WHETHER IN AN     |
 |  ACTION OF CONTRACT, NEGLIGENCE OR OTHER TORTIOUS ACTION, ARISING OUT OF   |
 |  OR IN CONNECTION WITH THE USE OR PERFORMANCE OF THIS SOFTWARE.            |
 |                                                                            |
 \----------------------------------------------------------------------------/

 Yosys 0.37+1 (git sha1 37a6c9a09, clang 14.0.0-1ubuntu1.1 -fPIC -Os)


-- Executing script file `../model/design.ys' --

1. Executing Verilog-2005 frontend: pe_formal.sv
Parsing formal Verilog input from `pe_formal.sv' to AST representation.
Generating RTLIL representation for module `\pe_formal'.
Successfully finished Verilog frontend.

2. Executing HIERARCHY pass (managing design hierarchy).

2.1. Analyzing design hierarchy..
Top module:  \pe_formal

2.2. Analyzing design hierarchy..
Top module:  \pe_formal
Removed 0 unused modules.
Module pe_formal directly or indirectly contains formal properties -> setting "keep" attribute.

3. Executing FLATTEN pass (flatten design).

4. Executing PROC pass (convert processes to netlists).

4.1. Executing PROC_CLEAN pass (remove empty switches from decision trees).
Found and cleaned up 1 empty switch in `\pe_formal.$proc$pe_formal.sv:128$120'.
Removing empty process `pe_formal.$proc$pe_formal.sv:128$120'.
Cleaned up 1 empty switch.

4.2. Executing PROC_RMDEAD pass (remove dead branches from decision trees).
Marked 1 switch rules as full_case in process $proc$pe_formal.sv:148$137 in module pe_formal.
Marked 1 switch rules as full_case in process $proc$pe_formal.sv:112$107 in module pe_formal.
Marked 2 switch rules as full_case in process $proc$pe_formal.sv:61$46 in module pe_formal.
Marked 2 switch rules as full_case in process $proc$pe_formal.sv:48$44 in module pe_formal.
Marked 2 switch rules as full_case in process $proc$pe_formal.sv:35$39 in module pe_formal.
Removed a total of 0 dead cases.

4.3. Executing PROC_PRUNE pass (remove redundant assignments in processes).
Removed 3 redundant assignments.
Promoted 41 assignments to connections.

4.4. Executing PROC_INIT pass (extract init attributes).
Found init rule in `\pe_formal.$proc$pe_formal.sv:0$244'.
  Set init value: $formal$pe_formal.sv:156$37_EN = 1'0
Found init rule in `\pe_formal.$proc$pe_formal.sv:0$242'.
  Set init value: $formal$pe_formal.sv:155$36_EN = 1'0
Found init rule in `\pe_formal.$proc$pe_formal.sv:0$240'.
  Set init value: $formal$pe_formal.sv:154$35_EN = 1'0
Found init rule in `\pe_formal.$proc$pe_formal.sv:0$238'.
  Set init value: $formal$pe_formal.sv:153$34_EN = 1'0
Found init rule in `\pe_formal.$proc$pe_formal.sv:0$236'.
  Set init value: $formal$pe_formal.sv:151$33_EN = 1'0
Found init rule in `\pe_formal.$proc$pe_formal.sv:0$234'.
  Set init value: $formal$pe_formal.sv:144$32_EN = 1'0
Found init rule in `\pe_formal.$proc$pe_formal.sv:0$232'.
  Set init value: $formal$pe_formal.sv:136$31_EN = 1'0
Found init rule in `\pe_formal.$proc$pe_formal.sv:0$230'.
  Set init value: $formal$pe_formal.sv:135$30_EN = 1'0
Found init rule in `\pe_formal.$proc$pe_formal.sv:0$228'.
  Set init value: $formal$pe_formal.sv:134$29_EN = 1'0
Found init rule in `\pe_formal.$proc$pe_formal.sv:0$226'.
  Set init value: $formal$pe_formal.sv:123$28_EN = 1'0
Found init rule in `\pe_formal.$proc$pe_formal.sv:0$224'.
  Set init value: $formal$pe_formal.sv:122$27_EN = 1'0
Found init rule in `\pe_formal.$proc$pe_formal.sv:0$222'.
  Set init value: $formal$pe_formal.sv:103$26_EN = 1'0
Found init rule in `\pe_formal.$proc$pe_formal.sv:0$220'.
  Set init value: $formal$pe_formal.sv:94$25_EN = 1'0
Found init rule in `\pe_formal.$proc$pe_formal.sv:0$218'.
  Set init value: $formal$pe_formal.sv:90$24_EN = 1'0
Found init rule in `\pe_formal.$proc$pe_formal.sv:0$216'.
  Set init value: $formal$pe_formal.sv:89$23_EN = 1'0
Found init rule in `\pe_formal.$proc$pe_formal.sv:0$214'.
  Set init value: $formal$pe_formal.sv:88$22_EN = 1'0
Found init rule in `\pe_formal.$proc$pe_formal.sv:0$212'.
  Set init value: $formal$pe_formal.sv:87$21_EN = 1'0
Found init rule in `\pe_formal.$proc$pe_formal.sv:0$210'.
  Set init value: $formal$pe_formal.sv:83$20_EN = 1'0
Found init rule in `\pe_formal.$proc$pe_formal.sv:0$208'.
  Set init value: $formal$pe_formal.sv:83$19_EN = 1'0
Found init rule in `\pe_formal.$proc$pe_formal.sv:0$207'.
  Set init value: \f_back2back = 1'0
Found init rule in `\pe_formal.$proc$pe_formal.sv:0$202'.
  Set init value: \f_past_valid = 1'0
Found init rule in `\pe_formal.$proc$pe_formal.sv:0$246'.
  Set init value: $formal$pe_formal.sv:157$38_EN = 1'0

4.5. Executing PROC_ARST pass (detect async resets in processes).
Found async reset \rst_n in `\pe_formal.$proc$pe_formal.sv:112$107'.
Found async reset \rst_n in `\pe_formal.$proc$pe_formal.sv:61$46'.
Found async reset \rst_n in `\pe_formal.$proc$pe_formal.sv:48$44'.
Found async reset \rst_n in `\pe_formal.$proc$pe_formal.sv:35$39'.

4.6. Executing PROC_ROM pass (convert switches to ROMs).
Converted 0 switches.
<suppressed ~23 debug messages>

4.7. Executing PROC_MUX pass (convert decision trees to multiplexers).
Creating decoders for process `\pe_formal.$proc$pe_formal.sv:0$244'.
Creating decoders for process `\pe_formal.$proc$pe_formal.sv:0$242'.
Creating decoders for process `\pe_formal.$proc$pe_formal.sv:0$240'.
Creating decoders for process `\pe_formal.$proc$pe_formal.sv:0$238'.
Creating decoders for process `\pe_formal.$proc$pe_formal.sv:0$236'.
Creating decoders for process `\pe_formal.$proc$pe_formal.sv:0$234'.
Creating decoders for process `\pe_formal.$proc$pe_formal.sv:0$232'.
Creating decoders for process `\pe_formal.$proc$pe_formal.sv:0$230'.
Creating decoders for process `\pe_formal.$proc$pe_formal.sv:0$228'.
Creating decoders for process `\pe_formal.$proc$pe_formal.sv:0$226'.
Creating decoders for process `\pe_formal.$proc$pe_formal.sv:0$224'.
Creating decoders for process `\pe_formal.$proc$pe_formal.sv:0$222'.
Creating decoders for process `\pe_formal.$proc$pe_formal.sv:0$220'.
Creating decoders for process `\pe_formal.$proc$pe_formal.sv:0$218'.
Creating decoders for process `\pe_formal.$proc$pe_formal.sv:0$216'.
Creating decoders for process `\pe_formal.$proc$pe_formal.sv:0$214'.
Creating decoders for process `\pe_formal.$proc$pe_formal.sv:0$212'.
Creating decoders for process `\pe_formal.$proc$pe_formal.sv:0$210'.
Creating decoders for process `\pe_formal.$proc$pe_formal.sv:0$208'.
Creating decoders for process `\pe_formal.$proc$pe_formal.sv:0$207'.
Creating decoders for process `\pe_formal.$proc$pe_formal.sv:0$203'.
Creating decoders for process `\pe_formal.$proc$pe_formal.sv:0$202'.
Creating decoders for process `\pe_formal.$proc$pe_formal.sv:157$175'.
     1/2: $0$formal$pe_formal.sv:157$38_EN[0:0]$177
     2/2: $0$formal$pe_formal.sv:157$38_CHECK[0:0]$176
Creating decoders for process `\pe_formal.$proc$pe_formal.sv:156$166'.
     1/2: $0$formal$pe_formal.sv:156$37_EN[0:0]$168
     2/2: $0$formal$pe_formal.sv:156$37_CHECK[0:0]$167
Creating decoders for process `\pe_formal.$proc$pe_formal.sv:155$158'.
     1/2: $0$formal$pe_formal.sv:155$36_EN[0:0]$160
     2/2: $0$formal$pe_formal.sv:155$36_CHECK[0:0]$159
Creating decoders for process `\pe_formal.$proc$pe_formal.sv:154$150'.
     1/2: $0$formal$pe_formal.sv:154$35_EN[0:0]$152
     2/2: $0$formal$pe_formal.sv:154$35_CHECK[0:0]$151
Creating decoders for process `\pe_formal.$proc$pe_formal.sv:153$145'.
     1/2: $0$formal$pe_formal.sv:153$34_EN[0:0]$147
     2/2: $0$formal$pe_formal.sv:153$34_CHECK[0:0]$146
Creating decoders for process `\pe_formal.$proc$pe_formal.sv:151$141'.
     1/2: $0$formal$pe_formal.sv:151$33_EN[0:0]$143
     2/2: $0$formal$pe_formal.sv:151$33_CHECK[0:0]$142
Creating decoders for process `\pe_formal.$proc$pe_formal.sv:148$137'.
     1/1: $0\f_back2back[0:0]
Creating decoders for process `\pe_formal.$proc$pe_formal.sv:144$133'.
     1/2: $0$formal$pe_formal.sv:144$32_EN[0:0]$135
     2/2: $0$formal$pe_formal.sv:144$32_CHECK[0:0]$134
Creating decoders for process `\pe_formal.$proc$pe_formal.sv:133$122'.
     1/6: $0$formal$pe_formal.sv:134$29_EN[0:0]$124
     2/6: $0$formal$pe_formal.sv:134$29_CHECK[0:0]$123
     3/6: $0$formal$pe_formal.sv:135$30_EN[0:0]$126
     4/6: $0$formal$pe_formal.sv:135$30_CHECK[0:0]$125
     5/6: $0$formal$pe_formal.sv:136$31_EN[0:0]$128
     6/6: $0$formal$pe_formal.sv:136$31_CHECK[0:0]$127
Creating decoders for process `\pe_formal.$proc$pe_formal.sv:0$246'.
Creating decoders for process `\pe_formal.$proc$pe_formal.sv:121$109'.
     1/4: $0$formal$pe_formal.sv:122$27_EN[0:0]$112
     2/4: $0$formal$pe_formal.sv:122$27_CHECK[0:0]$111
     3/4: $0$formal$pe_formal.sv:123$28_EN[0:0]$114
     4/4: $0$formal$pe_formal.sv:123$28_CHECK[0:0]$113
Creating decoders for process `\pe_formal.$proc$pe_formal.sv:112$107'.
     1/2: $0\f_west_shadow[15:0]
     2/2: $0\f_north_shadow[15:0]
Creating decoders for process `\pe_formal.$proc$pe_formal.sv:102$93'.
     1/2: $0$formal$pe_formal.sv:103$26_EN[0:0]$100
     2/2: $0$formal$pe_formal.sv:103$26_CHECK[0:0]$99
Creating decoders for process `\pe_formal.$proc$pe_formal.sv:93$85'.
     1/2: $0$formal$pe_formal.sv:94$25_EN[0:0]$88
     2/2: $0$formal$pe_formal.sv:94$25_CHECK[0:0]$87
Creating decoders for process `\pe_formal.$proc$pe_formal.sv:85$57'.
     1/8: $0$formal$pe_formal.sv:87$21_EN[0:0]$68
     2/8: $0$formal$pe_formal.sv:87$21_CHECK[0:0]$67
     3/8: $0$formal$pe_formal.sv:88$22_EN[0:0]$70
     4/8: $0$formal$pe_formal.sv:88$22_CHECK[0:0]$69
     5/8: $0$formal$pe_formal.sv:89$23_EN[0:0]$72
     6/8: $0$formal$pe_formal.sv:89$23_CHECK[0:0]$71
     7/8: $0$formal$pe_formal.sv:90$24_EN[0:0]$74
     8/8: $0$formal$pe_formal.sv:90$24_CHECK[0:0]$73
Creating decoders for process `\pe_formal.$proc$pe_formal.sv:82$49'.
     1/4: $0$formal$pe_formal.sv:83$19_EN[0:0]$51
     2/4: $0$formal$pe_formal.sv:83$19_CHECK[0:0]$50
     3/4: $0$formal$pe_formal.sv:83$20_EN[0:0]$53
     4/4: $0$formal$pe_formal.sv:83$20_CHECK[0:0]$52
Creating decoders for process `\pe_formal.$proc$pe_formal.sv:78$48'.
Creating decoders for process `\pe_formal.$proc$pe_formal.sv:61$46'.
     1/4: $0\pipe_v2[0:0]
     2/4: $0\acc_reg[31:0]
     3/4: $0\east_reg[15:0]
     4/4: $0\south_reg[15:0]
Creating decoders for process `\pe_formal.$proc$pe_formal.sv:48$44'.
     1/2: $0\pipe_v1[0:0]
     2/2: $0\accumulator[31:0]
Creating decoders for process `\pe_formal.$proc$pe_formal.sv:35$39'.
     1/3: $0\pipe_v0[0:0]
     2/3: $0\west_lat[15:0]
     3/3: $0\north_lat[15:0]

4.8. Executing PROC_DLATCH pass (convert process syncs to latches).
No latch inferred for signal `\pe_formal.$formal$pe_formal.sv:80$17_CHECK' from process `\pe_formal.$proc$pe_formal.sv:0$203'.
No latch inferred for signal `\pe_formal.$formal$pe_formal.sv:80$17_EN' from process `\pe_formal.$proc$pe_formal.sv:0$203'.

4.9. Executing PROC_DFF pass (convert process syncs to FFs).
Creating register for signal `\pe_formal.$formal$pe_formal.sv:157$38_CHECK' using process `\pe_formal.$proc$pe_formal.sv:157$175'.
  created $dff cell `$procdff$380' with positive edge clock.
Creating register for signal `\pe_formal.$formal$pe_formal.sv:157$38_EN' using process `\pe_formal.$proc$pe_formal.sv:157$175'.
  created $dff cell `$procdff$381' with positive edge clock.
Creating register for signal `\pe_formal.$formal$pe_formal.sv:156$37_CHECK' using process `\pe_formal.$proc$pe_formal.sv:156$166'.
  created $dff cell `$procdff$382' with positive edge clock.
Creating register for signal `\pe_formal.$formal$pe_formal.sv:156$37_EN' using process `\pe_formal.$proc$pe_formal.sv:156$166'.
  created $dff cell `$procdff$383' with positive edge clock.
Creating register for signal `\pe_formal.$formal$pe_formal.sv:155$36_CHECK' using process `\pe_formal.$proc$pe_formal.sv:155$158'.
  created $dff cell `$procdff$384' with positive edge clock.
Creating register for signal `\pe_formal.$formal$pe_formal.sv:155$36_EN' using process `\pe_formal.$proc$pe_formal.sv:155$158'.
  created $dff cell `$procdff$385' with positive edge clock.
Creating register for signal `\pe_formal.$formal$pe_formal.sv:154$35_CHECK' using process `\pe_formal.$proc$pe_formal.sv:154$150'.
  created $dff cell `$procdff$386' with positive edge clock.
Creating register for signal `\pe_formal.$formal$pe_formal.sv:154$35_EN' using process `\pe_formal.$proc$pe_formal.sv:154$150'.
  created $dff cell `$procdff$387' with positive edge clock.
Creating register for signal `\pe_formal.$formal$pe_formal.sv:153$34_CHECK' using process `\pe_formal.$proc$pe_formal.sv:153$145'.
  created $dff cell `$procdff$388' with positive edge clock.
Creating register for signal `\pe_formal.$formal$pe_formal.sv:153$34_EN' using process `\pe_formal.$proc$pe_formal.sv:153$145'.
  created $dff cell `$procdff$389' with positive edge clock.
Creating register for signal `\pe_formal.$formal$pe_formal.sv:151$33_CHECK' using process `\pe_formal.$proc$pe_formal.sv:151$141'.
  created $dff cell `$procdff$390' with positive edge clock.
Creating register for signal `\pe_formal.$formal$pe_formal.sv:151$33_EN' using process `\pe_formal.$proc$pe_formal.sv:151$141'.
  created $dff cell `$procdff$391' with positive edge clock.
Creating register for signal `\pe_formal.\f_back2back' using process `\pe_formal.$proc$pe_formal.sv:148$137'.
  created $dff cell `$procdff$392' with positive edge clock.
Creating register for signal `\pe_formal.$formal$pe_formal.sv:144$32_CHECK' using process `\pe_formal.$proc$pe_formal.sv:144$133'.
  created $dff cell `$procdff$393' with positive edge clock.
Creating register for signal `\pe_formal.$formal$pe_formal.sv:144$32_EN' using process `\pe_formal.$proc$pe_formal.sv:144$133'.
  created $dff cell `$procdff$394' with positive edge clock.
Creating register for signal `\pe_formal.$formal$pe_formal.sv:134$29_CHECK' using process `\pe_formal.$proc$pe_formal.sv:133$122'.
  created $dff cell `$procdff$395' with positive edge clock.
Creating register for signal `\pe_formal.$formal$pe_formal.sv:134$29_EN' using process `\pe_formal.$proc$pe_formal.sv:133$122'.
  created $dff cell `$procdff$396' with positive edge clock.
Creating register for signal `\pe_formal.$formal$pe_formal.sv:135$30_CHECK' using process `\pe_formal.$proc$pe_formal.sv:133$122'.
  created $dff cell `$procdff$397' with positive edge clock.
Creating register for signal `\pe_formal.$formal$pe_formal.sv:135$30_EN' using process `\pe_formal.$proc$pe_formal.sv:133$122'.
  created $dff cell `$procdff$398' with positive edge clock.
Creating register for signal `\pe_formal.$formal$pe_formal.sv:136$31_CHECK' using process `\pe_formal.$proc$pe_formal.sv:133$122'.
  created $dff cell `$procdff$399' with positive edge clock.
Creating register for signal `\pe_formal.$formal$pe_formal.sv:136$31_EN' using process `\pe_formal.$proc$pe_formal.sv:133$122'.
  created $dff cell `$procdff$400' with positive edge clock.
Creating register for signal `\pe_formal.$past$pe_formal.sv:122$16$0' using process `\pe_formal.$proc$pe_formal.sv:121$109'.
  created $dff cell `$procdff$401' with positive edge clock.
Creating register for signal `\pe_formal.$formal$pe_formal.sv:122$27_CHECK' using process `\pe_formal.$proc$pe_formal.sv:121$109'.
  created $dff cell `$procdff$402' with positive edge clock.
Creating register for signal `\pe_formal.$formal$pe_formal.sv:122$27_EN' using process `\pe_formal.$proc$pe_formal.sv:121$109'.
  created $dff cell `$procdff$403' with positive edge clock.
Creating register for signal `\pe_formal.$formal$pe_formal.sv:123$28_CHECK' using process `\pe_formal.$proc$pe_formal.sv:121$109'.
  created $dff cell `$procdff$404' with positive edge clock.
Creating register for signal `\pe_formal.$formal$pe_formal.sv:123$28_EN' using process `\pe_formal.$proc$pe_formal.sv:121$109'.
  created $dff cell `$procdff$405' with positive edge clock.
Creating register for signal `\pe_formal.\f_north_shadow' using process `\pe_formal.$proc$pe_formal.sv:112$107'.
  created $adff cell `$procdff$406' with positive edge clock and negative level reset.
Creating register for signal `\pe_formal.\f_west_shadow' using process `\pe_formal.$proc$pe_formal.sv:112$107'.
  created $adff cell `$procdff$407' with positive edge clock and negative level reset.
Creating register for signal `\pe_formal.$past$pe_formal.sv:103$11$0' using process `\pe_formal.$proc$pe_formal.sv:102$93'.
  created $dff cell `$procdff$408' with positive edge clock.
Creating register for signal `\pe_formal.$past$pe_formal.sv:103$12$0' using process `\pe_formal.$proc$pe_formal.sv:102$93'.
  created $dff cell `$procdff$409' with positive edge clock.
Creating register for signal `\pe_formal.$past$pe_formal.sv:104$13$0' using process `\pe_formal.$proc$pe_formal.sv:102$93'.
  created $dff cell `$procdff$410' with positive edge clock.
Creating register for signal `\pe_formal.$past$pe_formal.sv:105$14$0' using process `\pe_formal.$proc$pe_formal.sv:102$93'.
  created $dff cell `$procdff$411' with positive edge clock.
Creating register for signal `\pe_formal.$past$pe_formal.sv:105$15$0' using process `\pe_formal.$proc$pe_formal.sv:102$93'.
  created $dff cell `$procdff$412' with positive edge clock.
Creating register for signal `\pe_formal.$formal$pe_formal.sv:103$26_CHECK' using process `\pe_formal.$proc$pe_formal.sv:102$93'.
  created $dff cell `$procdff$413' with positive edge clock.
Creating register for signal `\pe_formal.$formal$pe_formal.sv:103$26_EN' using process `\pe_formal.$proc$pe_formal.sv:102$93'.
  created $dff cell `$procdff$414' with positive edge clock.
Creating register for signal `\pe_formal.$past$pe_formal.sv:94$10$0' using process `\pe_formal.$proc$pe_formal.sv:93$85'.
  created $dff cell `$procdff$415' with positive edge clock.
Creating register for signal `\pe_formal.$formal$pe_formal.sv:94$25_CHECK' using process `\pe_formal.$proc$pe_formal.sv:93$85'.
  created $dff cell `$procdff$416' with positive edge clock.
Creating register for signal `\pe_formal.$formal$pe_formal.sv:94$25_EN' using process `\pe_formal.$proc$pe_formal.sv:93$85'.
  created $dff cell `$procdff$417' with positive edge clock.
Creating register for signal `\pe_formal.$past$pe_formal.sv:86$1$0' using process `\pe_formal.$proc$pe_formal.sv:85$57'.
  created $dff cell `$procdff$418' with positive edge clock.
Creating register for signal `\pe_formal.$past$pe_formal.sv:87$2$0' using process `\pe_formal.$proc$pe_formal.sv:85$57'.
  created $dff cell `$procdff$419' with positive edge clock.
Creating register for signal `\pe_formal.$past$pe_formal.sv:87$3$0' using process `\pe_formal.$proc$pe_formal.sv:85$57'.
  created $dff cell `$procdff$420' with positive edge clock.
Creating register for signal `\pe_formal.$past$pe_formal.sv:88$4$0' using process `\pe_formal.$proc$pe_formal.sv:85$57'.
  created $dff cell `$procdff$421' with positive edge clock.
Creating register for signal `\pe_formal.$past$pe_formal.sv:88$5$0' using process `\pe_formal.$proc$pe_formal.sv:85$57'.
  created $dff cell `$procdff$422' with positive edge clock.
Creating register for signal `\pe_formal.$past$pe_formal.sv:89$6$0' using process `\pe_formal.$proc$pe_formal.sv:85$57'.
  created $dff cell `$procdff$423' with positive edge clock.
Creating register for signal `\pe_formal.$past$pe_formal.sv:89$7$0' using process `\pe_formal.$proc$pe_formal.sv:85$57'.
  created $dff cell `$procdff$424' with positive edge clock.
Creating register for signal `\pe_formal.$past$pe_formal.sv:90$8$0' using process `\pe_formal.$proc$pe_formal.sv:85$57'.
  created $dff cell `$procdff$425' with positive edge clock.
Creating register for signal `\pe_formal.$past$pe_formal.sv:90$9$0' using process `\pe_formal.$proc$pe_formal.sv:85$57'.
  created $dff cell `$procdff$426' with positive edge clock.
Creating register for signal `\pe_formal.$formal$pe_formal.sv:87$21_CHECK' using process `\pe_formal.$proc$pe_formal.sv:85$57'.
  created $dff cell `$procdff$427' with positive edge clock.
Creating register for signal `\pe_formal.$formal$pe_formal.sv:87$21_EN' using process `\pe_formal.$proc$pe_formal.sv:85$57'.
  created $dff cell `$procdff$428' with positive edge clock.
Creating register for signal `\pe_formal.$formal$pe_formal.sv:88$22_CHECK' using process `\pe_formal.$proc$pe_formal.sv:85$57'.
  created $dff cell `$procdff$429' with positive edge clock.
Creating register for signal `\pe_formal.$formal$pe_formal.sv:88$22_EN' using process `\pe_formal.$proc$pe_formal.sv:85$57'.
  created $dff cell `$procdff$430' with positive edge clock.
Creating register for signal `\pe_formal.$formal$pe_formal.sv:89$23_CHECK' using process `\pe_formal.$proc$pe_formal.sv:85$57'.
  created $dff cell `$procdff$431' with positive edge clock.
Creating register for signal `\pe_formal.$formal$pe_formal.sv:89$23_EN' using process `\pe_formal.$proc$pe_formal.sv:85$57'.
  created $dff cell `$procdff$432' with positive edge clock.
Creating register for signal `\pe_formal.$formal$pe_formal.sv:90$24_CHECK' using process `\pe_formal.$proc$pe_formal.sv:85$57'.
  created $dff cell `$procdff$433' with positive edge clock.
Creating register for signal `\pe_formal.$formal$pe_formal.sv:90$24_EN' using process `\pe_formal.$proc$pe_formal.sv:85$57'.
  created $dff cell `$procdff$434' with positive edge clock.
Creating register for signal `\pe_formal.$formal$pe_formal.sv:83$19_CHECK' using process `\pe_formal.$proc$pe_formal.sv:82$49'.
  created $dff cell `$procdff$435' with positive edge clock.
Creating register for signal `\pe_formal.$formal$pe_formal.sv:83$19_EN' using process `\pe_formal.$proc$pe_formal.sv:82$49'.
  created $dff cell `$procdff$436' with positive edge clock.
Creating register for signal `\pe_formal.$formal$pe_formal.sv:83$20_CHECK' using process `\pe_formal.$proc$pe_formal.sv:82$49'.
  created $dff cell `$procdff$437' with positive edge clock.
Creating register for signal `\pe_formal.$formal$pe_formal.sv:83$20_EN' using process `\pe_formal.$proc$pe_formal.sv:82$49'.
  created $dff cell `$procdff$438' with positive edge clock.
Creating register for signal `\pe_formal.\f_past_valid' using process `\pe_formal.$proc$pe_formal.sv:78$48'.
  created $dff cell `$procdff$439' with positive edge clock.
Creating register for signal `\pe_formal.\pipe_v2' using process `\pe_formal.$proc$pe_formal.sv:61$46'.
  created $adff cell `$procdff$440' with positive edge clock and negative level reset.
Creating register for signal `\pe_formal.\south_reg' using process `\pe_formal.$proc$pe_formal.sv:61$46'.
  created $adff cell `$procdff$441' with positive edge clock and negative level reset.
Creating register for signal `\pe_formal.\east_reg' using process `\pe_formal.$proc$pe_formal.sv:61$46'.
  created $adff cell `$procdff$442' with positive edge clock and negative level reset.
Creating register for signal `\pe_formal.\acc_reg' using process `\pe_formal.$proc$pe_formal.sv:61$46'.
  created $adff cell `$procdff$443' with positive edge clock and negative level reset.
Creating register for signal `\pe_formal.\accumulator' using process `\pe_formal.$proc$pe_formal.sv:48$44'.
  created $adff cell `$procdff$444' with positive edge clock and negative level reset.
Creating register for signal `\pe_formal.\pipe_v1' using process `\pe_formal.$proc$pe_formal.sv:48$44'.
  created $adff cell `$procdff$445' with positive edge clock and negative level reset.
Creating register for signal `\pe_formal.\north_lat' using process `\pe_formal.$proc$pe_formal.sv:35$39'.
  created $adff cell `$procdff$446' with positive edge clock and negative level reset.
Creating register for signal `\pe_formal.\west_lat' using process `\pe_formal.$proc$pe_formal.sv:35$39'.
  created $adff cell `$procdff$447' with positive edge clock and negative level reset.
Creating register for signal `\pe_formal.\pipe_v0' using process `\pe_formal.$proc$pe_formal.sv:35$39'.
  created $adff cell `$procdff$448' with positive edge clock and negative level reset.

4.10. Executing PROC_MEMWR pass (convert process memory writes to cells).

4.11. Executing PROC_CLEAN pass (remove empty switches from decision trees).
Removing empty process `pe_formal.$proc$pe_formal.sv:0$244'.
Removing empty process `pe_formal.$proc$pe_formal.sv:0$242'.
Removing empty process `pe_formal.$proc$pe_formal.sv:0$240'.
Removing empty process `pe_formal.$proc$pe_formal.sv:0$238'.
Removing empty process `pe_formal.$proc$pe_formal.sv:0$236'.
Removing empty process `pe_formal.$proc$pe_formal.sv:0$234'.
Removing empty process `pe_formal.$proc$pe_formal.sv:0$232'.
Removing empty process `pe_formal.$proc$pe_formal.sv:0$230'.
Removing empty process `pe_formal.$proc$pe_formal.sv:0$228'.
Removing empty process `pe_formal.$proc$pe_formal.sv:0$226'.
Removing empty process `pe_formal.$proc$pe_formal.sv:0$224'.
Removing empty process `pe_formal.$proc$pe_formal.sv:0$222'.
Removing empty process `pe_formal.$proc$pe_formal.sv:0$220'.
Removing empty process `pe_formal.$proc$pe_formal.sv:0$218'.
Removing empty process `pe_formal.$proc$pe_formal.sv:0$216'.
Removing empty process `pe_formal.$proc$pe_formal.sv:0$214'.
Removing empty process `pe_formal.$proc$pe_formal.sv:0$212'.
Removing empty process `pe_formal.$proc$pe_formal.sv:0$210'.
Removing empty process `pe_formal.$proc$pe_formal.sv:0$208'.
Removing empty process `pe_formal.$proc$pe_formal.sv:0$207'.
Removing empty process `pe_formal.$proc$pe_formal.sv:0$203'.
Removing empty process `pe_formal.$proc$pe_formal.sv:0$202'.
Found and cleaned up 1 empty switch in `\pe_formal.$proc$pe_formal.sv:157$175'.
Removing empty process `pe_formal.$proc$pe_formal.sv:157$175'.
Found and cleaned up 1 empty switch in `\pe_formal.$proc$pe_formal.sv:156$166'.
Removing empty process `pe_formal.$proc$pe_formal.sv:156$166'.
Found and cleaned up 1 empty switch in `\pe_formal.$proc$pe_formal.sv:155$158'.
Removing empty process `pe_formal.$proc$pe_formal.sv:155$158'.
Found and cleaned up 1 empty switch in `\pe_formal.$proc$pe_formal.sv:154$150'.
Removing empty process `pe_formal.$proc$pe_formal.sv:154$150'.
Found and cleaned up 1 empty switch in `\pe_formal.$proc$pe_formal.sv:153$145'.
Removing empty process `pe_formal.$proc$pe_formal.sv:153$145'.
Found and cleaned up 1 empty switch in `\pe_formal.$proc$pe_formal.sv:151$141'.
Removing empty process `pe_formal.$proc$pe_formal.sv:151$141'.
Found and cleaned up 2 empty switches in `\pe_formal.$proc$pe_formal.sv:148$137'.
Removing empty process `pe_formal.$proc$pe_formal.sv:148$137'.
Found and cleaned up 1 empty switch in `\pe_formal.$proc$pe_formal.sv:144$133'.
Removing empty process `pe_formal.$proc$pe_formal.sv:144$133'.
Found and cleaned up 1 empty switch in `\pe_formal.$proc$pe_formal.sv:133$122'.
Removing empty process `pe_formal.$proc$pe_formal.sv:133$122'.
Removing empty process `pe_formal.$proc$pe_formal.sv:0$246'.
Found and cleaned up 1 empty switch in `\pe_formal.$proc$pe_formal.sv:121$109'.
Removing empty process `pe_formal.$proc$pe_formal.sv:121$109'.
Found and cleaned up 1 empty switch in `\pe_formal.$proc$pe_formal.sv:112$107'.
Removing empty process `pe_formal.$proc$pe_formal.sv:112$107'.
Found and cleaned up 1 empty switch in `\pe_formal.$proc$pe_formal.sv:102$93'.
Removing empty process `pe_formal.$proc$pe_formal.sv:102$93'.
Found and cleaned up 1 empty switch in `\pe_formal.$proc$pe_formal.sv:93$85'.
Removing empty process `pe_formal.$proc$pe_formal.sv:93$85'.
Found and cleaned up 5 empty switches in `\pe_formal.$proc$pe_formal.sv:85$57'.
Removing empty process `pe_formal.$proc$pe_formal.sv:85$57'.
Found and cleaned up 1 empty switch in `\pe_formal.$proc$pe_formal.sv:82$49'.
Removing empty process `pe_formal.$proc$pe_formal.sv:82$49'.
Removing empty process `pe_formal.$proc$pe_formal.sv:78$48'.
Found and cleaned up 1 empty switch in `\pe_formal.$proc$pe_formal.sv:61$46'.
Removing empty process `pe_formal.$proc$pe_formal.sv:61$46'.
Found and cleaned up 1 empty switch in `\pe_formal.$proc$pe_formal.sv:48$44'.
Removing empty process `pe_formal.$proc$pe_formal.sv:48$44'.
Found and cleaned up 1 empty switch in `\pe_formal.$proc$pe_formal.sv:35$39'.
Removing empty process `pe_formal.$proc$pe_formal.sv:35$39'.
Cleaned up 23 empty switches.

4.12. Executing OPT_EXPR pass (perform const folding).
Optimizing module pe_formal.
<suppressed ~19 debug messages>

5. Executing OPT pass (performing simple optimizations).

5.1. Executing OPT_EXPR pass (perform const folding).
Optimizing module pe_formal.

5.2. Executing OPT_MERGE pass (detect identical cells).
Finding identical cells in module `\pe_formal'.
<suppressed ~72 debug messages>
Removed a total of 24 cells.

5.3. Executing OPT_MUXTREE pass (detect dead branches in mux trees).
Running muxtree optimizer on module \pe_formal..
  Creating internal representation of mux trees.
  Evaluating internal representation of mux trees.
  Analyzing evaluation results.
Removed 0 multiplexer ports.
<suppressed ~52 debug messages>

5.4. Executing OPT_REDUCE pass (consolidate $*mux and $reduce_* inputs).
  Optimizing cells in module \pe_formal.
Performed a total of 0 changes.

5.5. Executing OPT_MERGE pass (detect identical cells).
Finding identical cells in module `\pe_formal'.
<suppressed ~66 debug messages>
Removed a total of 22 cells.

5.6. Executing OPT_DFF pass (perform DFF optimizations).
Adding SRST signal on $procdff$428 ($dff) from module pe_formal (D = $procmux$313_Y, Q = $formal$pe_formal.sv:87$21_EN, rval = 1'0).
Adding SRST signal on $procdff$430 ($dff) from module pe_formal (D = $procmux$321_Y, Q = $formal$pe_formal.sv:88$22_EN, rval = 1'0).
Adding SRST signal on $procdff$432 ($dff) from module pe_formal (D = $procmux$329_Y, Q = $formal$pe_formal.sv:89$23_EN, rval = 1'0).
Adding SRST signal on $procdff$434 ($dff) from module pe_formal (D = $procmux$337_Y, Q = $formal$pe_formal.sv:90$24_EN, rval = 1'0).
Adding EN signal on $procdff$441 ($adff) from module pe_formal (D = \north_lat, Q = \south_reg).
Adding EN signal on $procdff$442 ($adff) from module pe_formal (D = \west_lat, Q = \east_reg).
Adding EN signal on $procdff$443 ($adff) from module pe_formal (D = \accumulator, Q = \acc_reg).
Adding EN signal on $procdff$444 ($adff) from module pe_formal (D = $add$pe_formal.sv:45$43_Y, Q = \accumulator).
Adding EN signal on $procdff$447 ($adff) from module pe_formal (D = \west_in, Q = \west_lat).
Adding EN signal on $procdff$406 ($adff) from module pe_formal (D = \north_lat, Q = \f_north_shadow).
Adding EN signal on $procdff$407 ($adff) from module pe_formal (D = \west_lat, Q = \f_west_shadow).
Adding EN signal on $procdff$446 ($adff) from module pe_formal (D = \north_in, Q = \north_lat).
Adding SRST signal on $procdff$392 ($dff) from module pe_formal (D = $procmux$272_Y, Q = \f_back2back, rval = 1'0).
Adding EN signal on $auto$ff.cc:266:slice$461 ($sdff) from module pe_formal (D = 1'1, Q = \f_back2back).
Setting constant 1-bit at position 0 on $procdff$422 ($dff) from module pe_formal.

5.7. Executing OPT_CLEAN pass (remove unused cells and wires).
Finding unused cells or wires in module \pe_formal..
Removed 14 unused cells and 218 unused wires.
<suppressed ~15 debug messages>

5.8. Executing OPT_EXPR pass (perform const folding).
Optimizing module pe_formal.
<suppressed ~9 debug messages>

5.9. Rerunning OPT passes. (Maybe there is more to do..)

5.10. Executing OPT_MUXTREE pass (detect dead branches in mux trees).
Running muxtree optimizer on module \pe_formal..
  Creating internal representation of mux trees.
  Evaluating internal representation of mux trees.
  Analyzing evaluation results.
Removed 0 multiplexer ports.
<suppressed ~28 debug messages>

5.11. Executing OPT_REDUCE pass (consolidate $*mux and $reduce_* inputs).
  Optimizing cells in module \pe_formal.
Performed a total of 0 changes.

5.12. Executing OPT_MERGE pass (detect identical cells).
Finding identical cells in module `\pe_formal'.
<suppressed ~14 debug messages>
Removed a total of 5 cells.

5.13. Executing OPT_DFF pass (perform DFF optimizations).
Setting constant 0-bit at position 0 on $auto$ff.cc:266:slice$449 ($sdff) from module pe_formal.
Setting constant 1-bit at position 0 on $procdff$427 ($dff) from module pe_formal.

5.14. Executing OPT_CLEAN pass (remove unused cells and wires).
Finding unused cells or wires in module \pe_formal..
Removed 2 unused cells and 15 unused wires.
<suppressed ~3 debug messages>

5.15. Executing OPT_EXPR pass (perform const folding).
Optimizing module pe_formal.
<suppressed ~2 debug messages>

5.16. Rerunning OPT passes. (Maybe there is more to do..)

5.17. Executing OPT_MUXTREE pass (detect dead branches in mux trees).
Running muxtree optimizer on module \pe_formal..
  Creating internal representation of mux trees.
  Evaluating internal representation of mux trees.
  Analyzing evaluation results.
Removed 0 multiplexer ports.
<suppressed ~28 debug messages>

5.18. Executing OPT_REDUCE pass (consolidate $*mux and $reduce_* inputs).
  Optimizing cells in module \pe_formal.
Performed a total of 0 changes.

5.19. Executing OPT_MERGE pass (detect identical cells).
Finding identical cells in module `\pe_formal'.
<suppressed ~8 debug messages>
Removed a total of 3 cells.

5.20. Executing OPT_DFF pass (perform DFF optimizations).
Adding SRST signal on $procdff$402 ($dff) from module pe_formal (D = 1'x, Q = $formal$pe_formal.sv:122$27_CHECK, rval = 1'1).
Setting constant 1-bit at position 0 on $auto$ff.cc:266:slice$463 ($sdff) from module pe_formal.

5.21. Executing OPT_CLEAN pass (remove unused cells and wires).
Finding unused cells or wires in module \pe_formal..
Removed 1 unused cells and 6 unused wires.
<suppressed ~2 debug messages>

5.22. Executing OPT_EXPR pass (perform const folding).
Optimizing module pe_formal.

5.23. Rerunning OPT passes. (Maybe there is more to do..)

5.24. Executing OPT_MUXTREE pass (detect dead branches in mux trees).
Running muxtree optimizer on module \pe_formal..
  Creating internal representation of mux trees.
  Evaluating internal representation of mux trees.
  Analyzing evaluation results.
Removed 0 multiplexer ports.
<suppressed ~26 debug messages>

5.25. Executing OPT_REDUCE pass (consolidate $*mux and $reduce_* inputs).
  Optimizing cells in module \pe_formal.
Performed a total of 0 changes.

5.26. Executing OPT_MERGE pass (detect identical cells).
Finding identical cells in module `\pe_formal'.
Removed a total of 0 cells.

5.27. Executing OPT_DFF pass (perform DFF optimizations).

5.28. Executing OPT_CLEAN pass (remove unused cells and wires).
Finding unused cells or wires in module \pe_formal..

5.29. Executing OPT_EXPR pass (perform const folding).
Optimizing module pe_formal.

5.30. Finished OPT passes. (There is nothing left to do.)

6. Executing MEMORY pass.

6.1. Executing OPT_MEM pass (optimize memories).
Performed a total of 0 transformations.

6.2. Executing OPT_MEM_PRIORITY pass (removing unnecessary memory write priority relations).
Performed a total of 0 transformations.

6.3. Executing OPT_MEM_FEEDBACK pass (finding memory read-to-write feedback paths).

6.4. Executing MEMORY_BMUX2ROM pass (converting muxes to ROMs).

6.5. Executing MEMORY_DFF pass (merging $dff cells to $memrd).

6.6. Executing OPT_CLEAN pass (remove unused cells and wires).
Finding unused cells or wires in module \pe_formal..

6.7. Executing MEMORY_SHARE pass (consolidating $memrd/$memwr cells).

6.8. Executing OPT_MEM_WIDEN pass (optimize memories where all ports are wide).
Performed a total of 0 transformations.

6.9. Executing OPT_CLEAN pass (remove unused cells and wires).
Finding unused cells or wires in module \pe_formal..

6.10. Executing MEMORY_COLLECT pass (generating $mem cells).

7. Executing OPT pass (performing simple optimizations).

7.1. Executing OPT_EXPR pass (perform const folding).
Optimizing module pe_formal.

7.2. Executing OPT_MERGE pass (detect identical cells).
Finding identical cells in module `\pe_formal'.
Removed a total of 0 cells.

7.3. Executing OPT_MUXTREE pass (detect dead branches in mux trees).
Running muxtree optimizer on module \pe_formal..
  Creating internal representation of mux trees.
  Evaluating internal representation of mux trees.
  Analyzing evaluation results.
Removed 0 multiplexer ports.
<suppressed ~26 debug messages>

7.4. Executing OPT_REDUCE pass (consolidate $*mux and $reduce_* inputs).
  Optimizing cells in module \pe_formal.
Performed a total of 0 changes.

7.5. Executing OPT_MERGE pass (detect identical cells).
Finding identical cells in module `\pe_formal'.
Removed a total of 0 cells.

7.6. Executing OPT_DFF pass (perform DFF optimizations).

7.7. Executing OPT_CLEAN pass (remove unused cells and wires).
Finding unused cells or wires in module \pe_formal..

7.8. Executing OPT_EXPR pass (perform const folding).
Optimizing module pe_formal.

7.9. Finished OPT passes. (There is nothing left to do.)

8. Executing CHECK pass (checking for obvious problems).
Checking module pe_formal...
Found and reported 0 problems.

9. Executing PREP pass.

9.1. Executing HIERARCHY pass (managing design hierarchy).

9.1.1. Analyzing design hierarchy..
Top module:  \pe_formal

9.1.2. Analyzing design hierarchy..
Top module:  \pe_formal
Removed 0 unused modules.
Module pe_formal directly or indirectly contains formal properties -> setting "keep" attribute.

9.2. Executing PROC pass (convert processes to netlists).

9.2.1. Executing PROC_CLEAN pass (remove empty switches from decision trees).
Cleaned up 0 empty switches.

9.2.2. Executing PROC_RMDEAD pass (remove dead branches from decision trees).
Removed a total of 0 dead cases.

9.2.3. Executing PROC_PRUNE pass (remove redundant assignments in processes).
Removed 0 redundant assignments.
Promoted 0 assignments to connections.

9.2.4. Executing PROC_INIT pass (extract init attributes).

9.2.5. Executing PROC_ARST pass (detect async resets in processes).

9.2.6. Executing PROC_ROM pass (convert switches to ROMs).
Converted 0 switches.

9.2.7. Executing PROC_MUX pass (convert decision trees to multiplexers).

9.2.8. Executing PROC_DLATCH pass (convert process syncs to latches).

9.2.9. Executing PROC_DFF pass (convert process syncs to FFs).

9.2.10. Executing PROC_MEMWR pass (convert process memory writes to cells).

9.2.11. Executing PROC_CLEAN pass (remove empty switches from decision trees).
Cleaned up 0 empty switches.

9.2.12. Executing OPT_EXPR pass (perform const folding).
Optimizing module pe_formal.

9.3. Executing FUTURE pass.

9.4. Executing OPT_EXPR pass (perform const folding).
Optimizing module pe_formal.

9.5. Executing OPT_CLEAN pass (remove unused cells and wires).
Finding unused cells or wires in module \pe_formal..

9.6. Executing CHECK pass (checking for obvious problems).
Checking module pe_formal...
Found and reported 0 problems.

9.7. Executing OPT pass (performing simple optimizations).

9.7.1. Executing OPT_EXPR pass (perform const folding).
Optimizing module pe_formal.

9.7.2. Executing OPT_MERGE pass (detect identical cells).
Finding identical cells in module `\pe_formal'.
Removed a total of 0 cells.

9.7.3. Executing OPT_MUXTREE pass (detect dead branches in mux trees).
Running muxtree optimizer on module \pe_formal..
  Creating internal representation of mux trees.
  Evaluating internal representation of mux trees.
  Analyzing evaluation results.
Removed 0 multiplexer ports.
<suppressed ~26 debug messages>

9.7.4. Executing OPT_REDUCE pass (consolidate $*mux and $reduce_* inputs).
  Optimizing cells in module \pe_formal.
Performed a total of 0 changes.

9.7.5. Executing OPT_MERGE pass (detect identical cells).
Finding identical cells in module `\pe_formal'.
Removed a total of 0 cells.

9.7.6. Executing OPT_CLEAN pass (remove unused cells and wires).
Finding unused cells or wires in module \pe_formal..

9.7.7. Executing OPT_EXPR pass (perform const folding).
Optimizing module pe_formal.

9.7.8. Finished OPT passes. (There is nothing left to do.)

9.8. Executing WREDUCE pass (reducing word size of cells).
Removed top 1 bits (of 16) from port B of cell pe_formal.$eq$pe_formal.sv:155$162 ($eq).
Removed top 1 bits (of 16) from port B of cell pe_formal.$eq$pe_formal.sv:155$163 ($eq).

9.9. Executing OPT_CLEAN pass (remove unused cells and wires).
Finding unused cells or wires in module \pe_formal..

9.10. Executing MEMORY_COLLECT pass (generating $mem cells).

9.11. Executing OPT pass (performing simple optimizations).

9.11.1. Executing OPT_EXPR pass (perform const folding).
Optimizing module pe_formal.

9.11.2. Executing OPT_MERGE pass (detect identical cells).
Finding identical cells in module `\pe_formal'.
Removed a total of 0 cells.

9.11.3. Executing OPT_CLEAN pass (remove unused cells and wires).
Finding unused cells or wires in module \pe_formal..

9.11.4. Finished fast OPT passes.

9.12. Printing statistics.

=== pe_formal ===

   Number of wires:                134
   Number of wire bits:            656
   Number of public wires:          32
   Number of public wire bits:     368
   Number of memories:               0
   Number of memory bits:            0
   Number of processes:              0
   Number of cells:                133
     $add                            2
     $adff                           3
     $adffe                          6
     $assert                         6
     $assume                         6
     $cover                          7
     $dff                           31
     $eq                             4
     $initstate                      1
     $logic_and                     19
     $logic_not                     10
     $mul                            2
     $mux                           28
     $not                            5
     $sdff                           2
     $sdffe                          1

9.13. Executing CHECK pass (checking for obvious problems).
Checking module pe_formal...
Found and reported 0 problems.

10. Executing HIERARCHY pass (managing design hierarchy).

10.1. Analyzing design hierarchy..
Top module:  \pe_formal

10.2. Analyzing design hierarchy..
Top module:  \pe_formal
Removed 0 unused modules.
Module pe_formal directly or indirectly contains formal properties -> setting "keep" attribute.

11. Executing jny backend.

12. Executing RTLIL backend.
Output filename: ../model/design.il

End of script. Logfile hash: 9d7024e5ae, CPU: user 0.08s system 0.01s, MEM: 12.75 MB peak
Yosys 0.37+1 (git sha1 37a6c9a09, clang 14.0.0-1ubuntu1.1 -fPIC -Os)
Time spent: 24% 13x opt_expr (0 sec), 19% 11x opt_clean (0 sec), ...
