#! /usr/bin/vvp
:ivl_version "10.3 (stable)";
:ivl_delay_selection "TYPICAL";
:vpi_time_precision - 9;
:vpi_module "system";
:vpi_module "vhdl_sys";
:vpi_module "v2005_math";
:vpi_module "va_math";
S_0x5e38b8327000 .scope module, "tb_systolic2" "tb_systolic2" 2 2;
 .timescale -9 -9;
v0x5e38b83515a0 .array "A", 15 0, 7 0;
v0x5e38b8351680 .array "B", 15 0, 7 0;
v0x5e38b8351740 .array/i "C", 15 0, 31 0;
v0x5e38b83517e0_0 .var "a_row0", 7 0;
v0x5e38b83518f0_0 .var "a_row1", 7 0;
v0x5e38b8351a50_0 .var "a_row2", 7 0;
v0x5e38b8351b60_0 .var "a_row3", 7 0;
v0x5e38b8351c70_0 .var "clk", 0 0;
v0x5e38b8351d10_0 .var "en", 0 0;
v0x5e38b8351db0_0 .var/i "fail", 31 0;
v0x5e38b8351e90_0 .net "out_00", 31 0, v0x5e38b82fcfd0_0;  1 drivers
v0x5e38b8351f50_0 .net "out_01", 31 0, v0x5e38b8344b40_0;  1 drivers
v0x5e38b8352060_0 .net "out_02", 31 0, v0x5e38b8345460_0;  1 drivers
v0x5e38b8352170_0 .net "out_03", 31 0, v0x5e38b8345ef0_0;  1 drivers
v0x5e38b8352280_0 .net "out_10", 31 0, v0x5e38b83468f0_0;  1 drivers
v0x5e38b8352390_0 .net "out_11", 31 0, v0x5e38b8347250_0;  1 drivers
v0x5e38b83524a0_0 .net "out_12", 31 0, v0x5e38b8347b80_0;  1 drivers
v0x5e38b83525b0_0 .net "out_13", 31 0, v0x5e38b8348510_0;  1 drivers
v0x5e38b83526c0_0 .net "out_20", 31 0, v0x5e38b8348fc0_0;  1 drivers
v0x5e38b83527d0_0 .net "out_21", 31 0, v0x5e38b8349b30_0;  1 drivers
v0x5e38b83528e0_0 .net "out_22", 31 0, v0x5e38b834a590_0;  1 drivers
v0x5e38b83529f0_0 .net "out_23", 31 0, v0x5e38b834aff0_0;  1 drivers
v0x5e38b8352b00_0 .net "out_30", 31 0, v0x5e38b834ba60_0;  1 drivers
v0x5e38b8352c10_0 .net "out_31", 31 0, v0x5e38b834c4c0_0;  1 drivers
v0x5e38b8352d20_0 .net "out_32", 31 0, v0x5e38b834cf20_0;  1 drivers
v0x5e38b8352e30_0 .net "out_33", 31 0, v0x5e38b834d980_0;  1 drivers
v0x5e38b8352f40_0 .var/i "pass", 31 0;
v0x5e38b8353020_0 .var "rst_n", 0 0;
v0x5e38b83530c0_0 .var "w_col0", 7 0;
v0x5e38b83531d0_0 .var "w_col1", 7 0;
v0x5e38b83532e0_0 .var "w_col2", 7 0;
v0x5e38b83533f0_0 .var "w_col3", 7 0;
E_0x5e38b82dc8e0 .event posedge, v0x5e38b82fbeb0_0;
S_0x5e38b8327180 .scope module, "dut" "systolic_4x4" 2 13, 3 1 0, S_0x5e38b8327000;
 .timescale -9 -9;
    .port_info 0 /INPUT 1 "clk"
    .port_info 1 /INPUT 1 "rst_n"
    .port_info 2 /INPUT 1 "en"
    .port_info 3 /INPUT 8 "a_row0"
    .port_info 4 /INPUT 8 "a_row1"
    .port_info 5 /INPUT 8 "a_row2"
    .port_info 6 /INPUT 8 "a_row3"
    .port_info 7 /INPUT 8 "w_col0"
    .port_info 8 /INPUT 8 "w_col1"
    .port_info 9 /INPUT 8 "w_col2"
    .port_info 10 /INPUT 8 "w_col3"
    .port_info 11 /OUTPUT 32 "out_00"
    .port_info 12 /OUTPUT 32 "out_01"
    .port_info 13 /OUTPUT 32 "out_02"
    .port_info 14 /OUTPUT 32 "out_03"
    .port_info 15 /OUTPUT 32 "out_10"
    .port_info 16 /OUTPUT 32 "out_11"
    .port_info 17 /OUTPUT 32 "out_12"
    .port_info 18 /OUTPUT 32 "out_13"
    .port_info 19 /OUTPUT 32 "out_20"
    .port_info 20 /OUTPUT 32 "out_21"
    .port_info 21 /OUTPUT 32 "out_22"
    .port_info 22 /OUTPUT 32 "out_23"
    .port_info 23 /OUTPUT 32 "out_30"
    .port_info 24 /OUTPUT 32 "out_31"
    .port_info 25 /OUTPUT 32 "out_32"
    .port_info 26 /OUTPUT 32 "out_33"
v0x5e38b834df70_0 .net "a_00_01", 7 0, v0x5e38b82fcf00_0;  1 drivers
v0x5e38b834e050_0 .net "a_01_02", 7 0, v0x5e38b8344a80_0;  1 drivers
v0x5e38b834e160_0 .net "a_02_03", 7 0, v0x5e38b83453a0_0;  1 drivers
v0x5e38b834e250_0 .net "a_10_11", 7 0, v0x5e38b8346810_0;  1 drivers
v0x5e38b834e360_0 .net "a_11_12", 7 0, v0x5e38b8347190_0;  1 drivers
v0x5e38b834e4c0_0 .net "a_12_13", 7 0, v0x5e38b8347ac0_0;  1 drivers
v0x5e38b834e5d0_0 .net "a_20_21", 7 0, v0x5e38b8348ee0_0;  1 drivers
v0x5e38b834e6e0_0 .net "a_21_22", 7 0, v0x5e38b8349a70_0;  1 drivers
v0x5e38b834e7f0_0 .net "a_22_23", 7 0, v0x5e38b834a4d0_0;  1 drivers
v0x5e38b834e8b0_0 .net "a_30_31", 7 0, v0x5e38b834b980_0;  1 drivers
v0x5e38b834e9c0_0 .net "a_31_32", 7 0, v0x5e38b834c400_0;  1 drivers
v0x5e38b834ead0_0 .net "a_32_33", 7 0, v0x5e38b834ce60_0;  1 drivers
v0x5e38b834ebe0_0 .net "a_row0", 7 0, v0x5e38b83517e0_0;  1 drivers
v0x5e38b834eca0_0 .net "a_row1", 7 0, v0x5e38b83518f0_0;  1 drivers
v0x5e38b834ed40_0 .net "a_row2", 7 0, v0x5e38b8351a50_0;  1 drivers
v0x5e38b834ede0_0 .net "a_row3", 7 0, v0x5e38b8351b60_0;  1 drivers
v0x5e38b834ee80_0 .net "clk", 0 0, v0x5e38b8351c70_0;  1 drivers
v0x5e38b834f030_0 .net "en", 0 0, v0x5e38b8351d10_0;  1 drivers
v0x5e38b834f2e0_0 .net "out_00", 31 0, v0x5e38b82fcfd0_0;  alias, 1 drivers
v0x5e38b834f380_0 .net "out_01", 31 0, v0x5e38b8344b40_0;  alias, 1 drivers
v0x5e38b834f420_0 .net "out_02", 31 0, v0x5e38b8345460_0;  alias, 1 drivers
v0x5e38b834f4c0_0 .net "out_03", 31 0, v0x5e38b8345ef0_0;  alias, 1 drivers
v0x5e38b834f560_0 .net "out_10", 31 0, v0x5e38b83468f0_0;  alias, 1 drivers
v0x5e38b834f600_0 .net "out_11", 31 0, v0x5e38b8347250_0;  alias, 1 drivers
v0x5e38b834f6a0_0 .net "out_12", 31 0, v0x5e38b8347b80_0;  alias, 1 drivers
v0x5e38b834f740_0 .net "out_13", 31 0, v0x5e38b8348510_0;  alias, 1 drivers
v0x5e38b834f7e0_0 .net "out_20", 31 0, v0x5e38b8348fc0_0;  alias, 1 drivers
v0x5e38b834f8b0_0 .net "out_21", 31 0, v0x5e38b8349b30_0;  alias, 1 drivers
v0x5e38b834f980_0 .net "out_22", 31 0, v0x5e38b834a590_0;  alias, 1 drivers
v0x5e38b834fa50_0 .net "out_23", 31 0, v0x5e38b834aff0_0;  alias, 1 drivers
v0x5e38b834fb20_0 .net "out_30", 31 0, v0x5e38b834ba60_0;  alias, 1 drivers
v0x5e38b834fbf0_0 .net "out_31", 31 0, v0x5e38b834c4c0_0;  alias, 1 drivers
v0x5e38b834fcc0_0 .net "out_32", 31 0, v0x5e38b834cf20_0;  alias, 1 drivers
v0x5e38b834ffa0_0 .net "out_33", 31 0, v0x5e38b834d980_0;  alias, 1 drivers
v0x5e38b8350070_0 .net "rst_n", 0 0, v0x5e38b8353020_0;  1 drivers
v0x5e38b8350320_0 .net "w_00_10", 7 0, v0x5e38b8344550_0;  1 drivers
v0x5e38b8350410_0 .net "w_01_11", 7 0, v0x5e38b8344ed0_0;  1 drivers
v0x5e38b8350520_0 .net "w_02_12", 7 0, v0x5e38b8345950_0;  1 drivers
v0x5e38b8350630_0 .net "w_03_13", 7 0, v0x5e38b83462c0_0;  1 drivers
v0x5e38b8350740_0 .net "w_10_20", 7 0, v0x5e38b8346d70_0;  1 drivers
v0x5e38b8350850_0 .net "w_11_21", 7 0, v0x5e38b8347600_0;  1 drivers
v0x5e38b8350960_0 .net "w_12_22", 7 0, v0x5e38b8347f60_0;  1 drivers
v0x5e38b8350a70_0 .net "w_13_23", 7 0, v0x5e38b83488f0_0;  1 drivers
v0x5e38b8350b80_0 .net "w_20_30", 7 0, v0x5e38b83494b0_0;  1 drivers
v0x5e38b8350c90_0 .net "w_21_31", 7 0, v0x5e38b8349f10_0;  1 drivers
v0x5e38b8350da0_0 .net "w_22_32", 7 0, v0x5e38b834a970_0;  1 drivers
v0x5e38b8350eb0_0 .net "w_23_33", 7 0, v0x5e38b834b3d0_0;  1 drivers
v0x5e38b8350fc0_0 .net "w_col0", 7 0, v0x5e38b83530c0_0;  1 drivers
v0x5e38b8351080_0 .net "w_col1", 7 0, v0x5e38b83531d0_0;  1 drivers
v0x5e38b8351120_0 .net "w_col2", 7 0, v0x5e38b83532e0_0;  1 drivers
v0x5e38b83511c0_0 .net "w_col3", 7 0, v0x5e38b83533f0_0;  1 drivers
S_0x5e38b82832e0 .scope module, "pe_00" "pe" 3 26, 4 1 0, S_0x5e38b8327180;
 .timescale -9 -9;
    .port_info 0 /INPUT 1 "clk"
    .port_info 1 /INPUT 1 "rst_n"
    .port_info 2 /INPUT 1 "en"
    .port_info 3 /INPUT 8 "a_in"
    .port_info 4 /INPUT 8 "w_in"
    .port_info 5 /OUTPUT 8 "a_out"
    .port_info 6 /OUTPUT 8 "w_out"
    .port_info 7 /OUTPUT 32 "acc"
v0x5e38b82fdfc0_0 .net "a_in", 7 0, v0x5e38b83517e0_0;  alias, 1 drivers
v0x5e38b82fcf00_0 .var "a_out", 7 0;
v0x5e38b82fcfd0_0 .var "acc", 31 0;
v0x5e38b82fbeb0_0 .net "clk", 0 0, v0x5e38b8351c70_0;  alias, 1 drivers
v0x5e38b82fbf80_0 .net "en", 0 0, v0x5e38b8351d10_0;  alias, 1 drivers
v0x5e38b82faef0_0 .net "rst_n", 0 0, v0x5e38b8353020_0;  alias, 1 drivers
v0x5e38b82fafc0_0 .net "w_in", 7 0, v0x5e38b83530c0_0;  alias, 1 drivers
v0x5e38b8344550_0 .var "w_out", 7 0;
E_0x5e38b82dc700/0 .event negedge, v0x5e38b82faef0_0;
E_0x5e38b82dc700/1 .event posedge, v0x5e38b82fbeb0_0;
E_0x5e38b82dc700 .event/or E_0x5e38b82dc700/0, E_0x5e38b82dc700/1;
S_0x5e38b8344780 .scope module, "pe_01" "pe" 3 27, 4 1 0, S_0x5e38b8327180;
 .timescale -9 -9;
    .port_info 0 /INPUT 1 "clk"
    .port_info 1 /INPUT 1 "rst_n"
    .port_info 2 /INPUT 1 "en"
    .port_info 3 /INPUT 8 "a_in"
    .port_info 4 /INPUT 8 "w_in"
    .port_info 5 /OUTPUT 8 "a_out"
    .port_info 6 /OUTPUT 8 "w_out"
    .port_info 7 /OUTPUT 32 "acc"
v0x5e38b83449c0_0 .net "a_in", 7 0, v0x5e38b82fcf00_0;  alias, 1 drivers
v0x5e38b8344a80_0 .var "a_out", 7 0;
v0x5e38b8344b40_0 .var "acc", 31 0;
v0x5e38b8344c00_0 .net "clk", 0 0, v0x5e38b8351c70_0;  alias, 1 drivers
v0x5e38b8344ca0_0 .net "en", 0 0, v0x5e38b8351d10_0;  alias, 1 drivers
v0x5e38b8344d90_0 .net "rst_n", 0 0, v0x5e38b8353020_0;  alias, 1 drivers
v0x5e38b8344e30_0 .net "w_in", 7 0, v0x5e38b83531d0_0;  alias, 1 drivers
v0x5e38b8344ed0_0 .var "w_out", 7 0;
S_0x5e38b83450e0 .scope module, "pe_02" "pe" 3 28, 4 1 0, S_0x5e38b8327180;
 .timescale -9 -9;
    .port_info 0 /INPUT 1 "clk"
    .port_info 1 /INPUT 1 "rst_n"
    .port_info 2 /INPUT 1 "en"
    .port_info 3 /INPUT 8 "a_in"
    .port_info 4 /INPUT 8 "w_in"
    .port_info 5 /OUTPUT 8 "a_out"
    .port_info 6 /OUTPUT 8 "w_out"
    .port_info 7 /OUTPUT 32 "acc"
v0x5e38b83452b0_0 .net "a_in", 7 0, v0x5e38b8344a80_0;  alias, 1 drivers
v0x5e38b83453a0_0 .var "a_out", 7 0;
v0x5e38b8345460_0 .var "acc", 31 0;
v0x5e38b8345550_0 .net "clk", 0 0, v0x5e38b8351c70_0;  alias, 1 drivers
v0x5e38b8345640_0 .net "en", 0 0, v0x5e38b8351d10_0;  alias, 1 drivers
v0x5e38b8345780_0 .net "rst_n", 0 0, v0x5e38b8353020_0;  alias, 1 drivers
v0x5e38b8345870_0 .net "w_in", 7 0, v0x5e38b83532e0_0;  alias, 1 drivers
v0x5e38b8345950_0 .var "w_out", 7 0;
S_0x5e38b8345b80 .scope module, "pe_03" "pe" 3 29, 4 1 0, S_0x5e38b8327180;
 .timescale -9 -9;
    .port_info 0 /INPUT 1 "clk"
    .port_info 1 /INPUT 1 "rst_n"
    .port_info 2 /INPUT 1 "en"
    .port_info 3 /INPUT 8 "a_in"
    .port_info 4 /INPUT 8 "w_in"
    .port_info 5 /OUTPUT 8 "a_out"
    .port_info 6 /OUTPUT 8 "w_out"
    .port_info 7 /OUTPUT 32 "acc"
v0x5e38b8345d50_0 .net "a_in", 7 0, v0x5e38b83453a0_0;  alias, 1 drivers
v0x5e38b8345e30_0 .var "a_out", 7 0;
v0x5e38b8345ef0_0 .var "acc", 31 0;
v0x5e38b8345fb0_0 .net "clk", 0 0, v0x5e38b8351c70_0;  alias, 1 drivers
v0x5e38b8346050_0 .net "en", 0 0, v0x5e38b8351d10_0;  alias, 1 drivers
v0x5e38b8346140_0 .net "rst_n", 0 0, v0x5e38b8353020_0;  alias, 1 drivers
v0x5e38b83461e0_0 .net "w_in", 7 0, v0x5e38b83533f0_0;  alias, 1 drivers
v0x5e38b83462c0_0 .var "w_out", 7 0;
S_0x5e38b83464f0 .scope module, "pe_10" "pe" 3 32, 4 1 0, S_0x5e38b8327180;
 .timescale -9 -9;
    .port_info 0 /INPUT 1 "clk"
    .port_info 1 /INPUT 1 "rst_n"
    .port_info 2 /INPUT 1 "en"
    .port_info 3 /INPUT 8 "a_in"
    .port_info 4 /INPUT 8 "w_in"
    .port_info 5 /OUTPUT 8 "a_out"
    .port_info 6 /OUTPUT 8 "w_out"
    .port_info 7 /OUTPUT 32 "acc"
v0x5e38b8346710_0 .net "a_in", 7 0, v0x5e38b83518f0_0;  alias, 1 drivers
v0x5e38b8346810_0 .var "a_out", 7 0;
v0x5e38b83468f0_0 .var "acc", 31 0;
v0x5e38b83469b0_0 .net "clk", 0 0, v0x5e38b8351c70_0;  alias, 1 drivers
v0x5e38b8346a50_0 .net "en", 0 0, v0x5e38b8351d10_0;  alias, 1 drivers
v0x5e38b8346b80_0 .net "rst_n", 0 0, v0x5e38b8353020_0;  alias, 1 drivers
v0x5e38b8346cb0_0 .net "w_in", 7 0, v0x5e38b8344550_0;  alias, 1 drivers
v0x5e38b8346d70_0 .var "w_out", 7 0;
S_0x5e38b8346f30 .scope module, "pe_11" "pe" 3 33, 4 1 0, S_0x5e38b8327180;
 .timescale -9 -9;
    .port_info 0 /INPUT 1 "clk"
    .port_info 1 /INPUT 1 "rst_n"
    .port_info 2 /INPUT 1 "en"
    .port_info 3 /INPUT 8 "a_in"
    .port_info 4 /INPUT 8 "w_in"
    .port_info 5 /OUTPUT 8 "a_out"
    .port_info 6 /OUTPUT 8 "w_out"
    .port_info 7 /OUTPUT 32 "acc"
v0x5e38b83470b0_0 .net "a_in", 7 0, v0x5e38b8346810_0;  alias, 1 drivers
v0x5e38b8347190_0 .var "a_out", 7 0;
v0x5e38b8347250_0 .var "acc", 31 0;
v0x5e38b8347310_0 .net "clk", 0 0, v0x5e38b8351c70_0;  alias, 1 drivers
v0x5e38b83473b0_0 .net "en", 0 0, v0x5e38b8351d10_0;  alias, 1 drivers
v0x5e38b83474a0_0 .net "rst_n", 0 0, v0x5e38b8353020_0;  alias, 1 drivers
v0x5e38b8347540_0 .net "w_in", 7 0, v0x5e38b8344ed0_0;  alias, 1 drivers
v0x5e38b8347600_0 .var "w_out", 7 0;
S_0x5e38b8347810 .scope module, "pe_12" "pe" 3 34, 4 1 0, S_0x5e38b8327180;
 .timescale -9 -9;
    .port_info 0 /INPUT 1 "clk"
    .port_info 1 /INPUT 1 "rst_n"
    .port_info 2 /INPUT 1 "en"
    .port_info 3 /INPUT 8 "a_in"
    .port_info 4 /INPUT 8 "w_in"
    .port_info 5 /OUTPUT 8 "a_out"
    .port_info 6 /OUTPUT 8 "w_out"
    .port_info 7 /OUTPUT 32 "acc"
v0x5e38b83479e0_0 .net "a_in", 7 0, v0x5e38b8347190_0;  alias, 1 drivers
v0x5e38b8347ac0_0 .var "a_out", 7 0;
v0x5e38b8347b80_0 .var "acc", 31 0;
v0x5e38b8347c70_0 .net "clk", 0 0, v0x5e38b8351c70_0;  alias, 1 drivers
v0x5e38b8347d10_0 .net "en", 0 0, v0x5e38b8351d10_0;  alias, 1 drivers
v0x5e38b8347e00_0 .net "rst_n", 0 0, v0x5e38b8353020_0;  alias, 1 drivers
v0x5e38b8347ea0_0 .net "w_in", 7 0, v0x5e38b8345950_0;  alias, 1 drivers
v0x5e38b8347f60_0 .var "w_out", 7 0;
S_0x5e38b8348170 .scope module, "pe_13" "pe" 3 35, 4 1 0, S_0x5e38b8327180;
 .timescale -9 -9;
    .port_info 0 /INPUT 1 "clk"
    .port_info 1 /INPUT 1 "rst_n"
    .port_info 2 /INPUT 1 "en"
    .port_info 3 /INPUT 8 "a_in"
    .port_info 4 /INPUT 8 "w_in"
    .port_info 5 /OUTPUT 8 "a_out"
    .port_info 6 /OUTPUT 8 "w_out"
    .port_info 7 /OUTPUT 32 "acc"
v0x5e38b8348340_0 .net "a_in", 7 0, v0x5e38b8347ac0_0;  alias, 1 drivers
v0x5e38b8348450_0 .var "a_out", 7 0;
v0x5e38b8348510_0 .var "acc", 31 0;
v0x5e38b8348600_0 .net "clk", 0 0, v0x5e38b8351c70_0;  alias, 1 drivers
v0x5e38b83486a0_0 .net "en", 0 0, v0x5e38b8351d10_0;  alias, 1 drivers
v0x5e38b8348790_0 .net "rst_n", 0 0, v0x5e38b8353020_0;  alias, 1 drivers
v0x5e38b8348830_0 .net "w_in", 7 0, v0x5e38b83462c0_0;  alias, 1 drivers
v0x5e38b83488f0_0 .var "w_out", 7 0;
S_0x5e38b8348b00 .scope module, "pe_20" "pe" 3 38, 4 1 0, S_0x5e38b8327180;
 .timescale -9 -9;
    .port_info 0 /INPUT 1 "clk"
    .port_info 1 /INPUT 1 "rst_n"
    .port_info 2 /INPUT 1 "en"
    .port_info 3 /INPUT 8 "a_in"
    .port_info 4 /INPUT 8 "w_in"
    .port_info 5 /OUTPUT 8 "a_out"
    .port_info 6 /OUTPUT 8 "w_out"
    .port_info 7 /OUTPUT 32 "acc"
v0x5e38b8348de0_0 .net "a_in", 7 0, v0x5e38b8351a50_0;  alias, 1 drivers
v0x5e38b8348ee0_0 .var "a_out", 7 0;
v0x5e38b8348fc0_0 .var "acc", 31 0;
v0x5e38b83490b0_0 .net "clk", 0 0, v0x5e38b8351c70_0;  alias, 1 drivers
v0x5e38b8349150_0 .net "en", 0 0, v0x5e38b8351d10_0;  alias, 1 drivers
v0x5e38b8349240_0 .net "rst_n", 0 0, v0x5e38b8353020_0;  alias, 1 drivers
v0x5e38b83493f0_0 .net "w_in", 7 0, v0x5e38b8346d70_0;  alias, 1 drivers
v0x5e38b83494b0_0 .var "w_out", 7 0;
S_0x5e38b83496c0 .scope module, "pe_21" "pe" 3 39, 4 1 0, S_0x5e38b8327180;
 .timescale -9 -9;
    .port_info 0 /INPUT 1 "clk"
    .port_info 1 /INPUT 1 "rst_n"
    .port_info 2 /INPUT 1 "en"
    .port_info 3 /INPUT 8 "a_in"
    .port_info 4 /INPUT 8 "w_in"
    .port_info 5 /OUTPUT 8 "a_out"
    .port_info 6 /OUTPUT 8 "w_out"
    .port_info 7 /OUTPUT 32 "acc"
v0x5e38b8349960_0 .net "a_in", 7 0, v0x5e38b8348ee0_0;  alias, 1 drivers
v0x5e38b8349a70_0 .var "a_out", 7 0;
v0x5e38b8349b30_0 .var "acc", 31 0;
v0x5e38b8349c20_0 .net "clk", 0 0, v0x5e38b8351c70_0;  alias, 1 drivers
v0x5e38b8349cc0_0 .net "en", 0 0, v0x5e38b8351d10_0;  alias, 1 drivers
v0x5e38b8349db0_0 .net "rst_n", 0 0, v0x5e38b8353020_0;  alias, 1 drivers
v0x5e38b8349e50_0 .net "w_in", 7 0, v0x5e38b8347600_0;  alias, 1 drivers
v0x5e38b8349f10_0 .var "w_out", 7 0;
S_0x5e38b834a120 .scope module, "pe_22" "pe" 3 40, 4 1 0, S_0x5e38b8327180;
 .timescale -9 -9;
    .port_info 0 /INPUT 1 "clk"
    .port_info 1 /INPUT 1 "rst_n"
    .port_info 2 /INPUT 1 "en"
    .port_info 3 /INPUT 8 "a_in"
    .port_info 4 /INPUT 8 "w_in"
    .port_info 5 /OUTPUT 8 "a_out"
    .port_info 6 /OUTPUT 8 "w_out"
    .port_info 7 /OUTPUT 32 "acc"
v0x5e38b834a3c0_0 .net "a_in", 7 0, v0x5e38b8349a70_0;  alias, 1 drivers
v0x5e38b834a4d0_0 .var "a_out", 7 0;
v0x5e38b834a590_0 .var "acc", 31 0;
v0x5e38b834a680_0 .net "clk", 0 0, v0x5e38b8351c70_0;  alias, 1 drivers
v0x5e38b834a720_0 .net "en", 0 0, v0x5e38b8351d10_0;  alias, 1 drivers
v0x5e38b834a810_0 .net "rst_n", 0 0, v0x5e38b8353020_0;  alias, 1 drivers
v0x5e38b834a8b0_0 .net "w_in", 7 0, v0x5e38b8347f60_0;  alias, 1 drivers
v0x5e38b834a970_0 .var "w_out", 7 0;
S_0x5e38b834ab80 .scope module, "pe_23" "pe" 3 41, 4 1 0, S_0x5e38b8327180;
 .timescale -9 -9;
    .port_info 0 /INPUT 1 "clk"
    .port_info 1 /INPUT 1 "rst_n"
    .port_info 2 /INPUT 1 "en"
    .port_info 3 /INPUT 8 "a_in"
    .port_info 4 /INPUT 8 "w_in"
    .port_info 5 /OUTPUT 8 "a_out"
    .port_info 6 /OUTPUT 8 "w_out"
    .port_info 7 /OUTPUT 32 "acc"
v0x5e38b834ae20_0 .net "a_in", 7 0, v0x5e38b834a4d0_0;  alias, 1 drivers
v0x5e38b834af30_0 .var "a_out", 7 0;
v0x5e38b834aff0_0 .var "acc", 31 0;
v0x5e38b834b0e0_0 .net "clk", 0 0, v0x5e38b8351c70_0;  alias, 1 drivers
v0x5e38b834b180_0 .net "en", 0 0, v0x5e38b8351d10_0;  alias, 1 drivers
v0x5e38b834b270_0 .net "rst_n", 0 0, v0x5e38b8353020_0;  alias, 1 drivers
v0x5e38b834b310_0 .net "w_in", 7 0, v0x5e38b83488f0_0;  alias, 1 drivers
v0x5e38b834b3d0_0 .var "w_out", 7 0;
S_0x5e38b834b5e0 .scope module, "pe_30" "pe" 3 44, 4 1 0, S_0x5e38b8327180;
 .timescale -9 -9;
    .port_info 0 /INPUT 1 "clk"
    .port_info 1 /INPUT 1 "rst_n"
    .port_info 2 /INPUT 1 "en"
    .port_info 3 /INPUT 8 "a_in"
    .port_info 4 /INPUT 8 "w_in"
    .port_info 5 /OUTPUT 8 "a_out"
    .port_info 6 /OUTPUT 8 "w_out"
    .port_info 7 /OUTPUT 32 "acc"
v0x5e38b834b880_0 .net "a_in", 7 0, v0x5e38b8351b60_0;  alias, 1 drivers
v0x5e38b834b980_0 .var "a_out", 7 0;
v0x5e38b834ba60_0 .var "acc", 31 0;
v0x5e38b834bb50_0 .net "clk", 0 0, v0x5e38b8351c70_0;  alias, 1 drivers
v0x5e38b834bbf0_0 .net "en", 0 0, v0x5e38b8351d10_0;  alias, 1 drivers
v0x5e38b834bce0_0 .net "rst_n", 0 0, v0x5e38b8353020_0;  alias, 1 drivers
v0x5e38b834bd80_0 .net "w_in", 7 0, v0x5e38b83494b0_0;  alias, 1 drivers
v0x5e38b834be40_0 .var "w_out", 7 0;
S_0x5e38b834c050 .scope module, "pe_31" "pe" 3 45, 4 1 0, S_0x5e38b8327180;
 .timescale -9 -9;
    .port_info 0 /INPUT 1 "clk"
    .port_info 1 /INPUT 1 "rst_n"
    .port_info 2 /INPUT 1 "en"
    .port_info 3 /INPUT 8 "a_in"
    .port_info 4 /INPUT 8 "w_in"
    .port_info 5 /OUTPUT 8 "a_out"
    .port_info 6 /OUTPUT 8 "w_out"
    .port_info 7 /OUTPUT 32 "acc"
v0x5e38b834c2f0_0 .net "a_in", 7 0, v0x5e38b834b980_0;  alias, 1 drivers
v0x5e38b834c400_0 .var "a_out", 7 0;
v0x5e38b834c4c0_0 .var "acc", 31 0;
v0x5e38b834c5b0_0 .net "clk", 0 0, v0x5e38b8351c70_0;  alias, 1 drivers
v0x5e38b834c650_0 .net "en", 0 0, v0x5e38b8351d10_0;  alias, 1 drivers
v0x5e38b834c740_0 .net "rst_n", 0 0, v0x5e38b8353020_0;  alias, 1 drivers
v0x5e38b834c7e0_0 .net "w_in", 7 0, v0x5e38b8349f10_0;  alias, 1 drivers
v0x5e38b834c8a0_0 .var "w_out", 7 0;
S_0x5e38b834cab0 .scope module, "pe_32" "pe" 3 46, 4 1 0, S_0x5e38b8327180;
 .timescale -9 -9;
    .port_info 0 /INPUT 1 "clk"
    .port_info 1 /INPUT 1 "rst_n"
    .port_info 2 /INPUT 1 "en"
    .port_info 3 /INPUT 8 "a_in"
    .port_info 4 /INPUT 8 "w_in"
    .port_info 5 /OUTPUT 8 "a_out"
    .port_info 6 /OUTPUT 8 "w_out"
    .port_info 7 /OUTPUT 32 "acc"
v0x5e38b834cd50_0 .net "a_in", 7 0, v0x5e38b834c400_0;  alias, 1 drivers
v0x5e38b834ce60_0 .var "a_out", 7 0;
v0x5e38b834cf20_0 .var "acc", 31 0;
v0x5e38b834d010_0 .net "clk", 0 0, v0x5e38b8351c70_0;  alias, 1 drivers
v0x5e38b834d0b0_0 .net "en", 0 0, v0x5e38b8351d10_0;  alias, 1 drivers
v0x5e38b834d1a0_0 .net "rst_n", 0 0, v0x5e38b8353020_0;  alias, 1 drivers
v0x5e38b834d240_0 .net "w_in", 7 0, v0x5e38b834a970_0;  alias, 1 drivers
v0x5e38b834d300_0 .var "w_out", 7 0;
S_0x5e38b834d510 .scope module, "pe_33" "pe" 3 47, 4 1 0, S_0x5e38b8327180;
 .timescale -9 -9;
    .port_info 0 /INPUT 1 "clk"
    .port_info 1 /INPUT 1 "rst_n"
    .port_info 2 /INPUT 1 "en"
    .port_info 3 /INPUT 8 "a_in"
    .port_info 4 /INPUT 8 "w_in"
    .port_info 5 /OUTPUT 8 "a_out"
    .port_info 6 /OUTPUT 8 "w_out"
    .port_info 7 /OUTPUT 32 "acc"
v0x5e38b834d7b0_0 .net "a_in", 7 0, v0x5e38b834ce60_0;  alias, 1 drivers
v0x5e38b834d8c0_0 .var "a_out", 7 0;
v0x5e38b834d980_0 .var "acc", 31 0;
v0x5e38b834da70_0 .net "clk", 0 0, v0x5e38b8351c70_0;  alias, 1 drivers
v0x5e38b834db10_0 .net "en", 0 0, v0x5e38b8351d10_0;  alias, 1 drivers
v0x5e38b834dc00_0 .net "rst_n", 0 0, v0x5e38b8353020_0;  alias, 1 drivers
v0x5e38b834dca0_0 .net "w_in", 7 0, v0x5e38b834b3d0_0;  alias, 1 drivers
v0x5e38b834dd60_0 .var "w_out", 7 0;
    .scope S_0x5e38b82832e0;
T_0 ;
    %wait E_0x5e38b82dc700;
    %load/vec4 v0x5e38b82faef0_0;
    %nor/r;
    %flag_set/vec4 8;
    %jmp/0xz  T_0.0, 8;
    %pushi/vec4 0, 0, 8;
    %assign/vec4 v0x5e38b82fcf00_0, 0;
    %pushi/vec4 0, 0, 8;
    %assign/vec4 v0x5e38b8344550_0, 0;
    %pushi/vec4 0, 0, 32;
    %assign/vec4 v0x5e38b82fcfd0_0, 0;
    %jmp T_0.1;
T_0.0 ;
    %load/vec4 v0x5e38b82fbf80_0;
    %flag_set/vec4 8;
    %jmp/0xz  T_0.2, 8;
    %load/vec4 v0x5e38b82fdfc0_0;
    %assign/vec4 v0x5e38b82fcf00_0, 0;
    %load/vec4 v0x5e38b82fafc0_0;
    %assign/vec4 v0x5e38b8344550_0, 0;
    %load/vec4 v0x5e38b82fcfd0_0;
    %load/vec4 v0x5e38b82fdfc0_0;
    %pad/u 32;
    %load/vec4 v0x5e38b82fafc0_0;
    %pad/u 32;
    %mul;
    %add;
    %assign/vec4 v0x5e38b82fcfd0_0, 0;
T_0.2 ;
T_0.1 ;
    %jmp T_0;
    .thread T_0;
    .scope S_0x5e38b8344780;
T_1 ;
    %wait E_0x5e38b82dc700;
    %load/vec4 v0x5e38b8344d90_0;
    %nor/r;
    %flag_set/vec4 8;
    %jmp/0xz  T_1.0, 8;
    %pushi/vec4 0, 0, 8;
    %assign/vec4 v0x5e38b8344a80_0, 0;
    %pushi/vec4 0, 0, 8;
    %assign/vec4 v0x5e38b8344ed0_0, 0;
    %pushi/vec4 0, 0, 32;
    %assign/vec4 v0x5e38b8344b40_0, 0;
    %jmp T_1.1;
T_1.0 ;
    %load/vec4 v0x5e38b8344ca0_0;
    %flag_set/vec4 8;
    %jmp/0xz  T_1.2, 8;
    %load/vec4 v0x5e38b83449c0_0;
    %assign/vec4 v0x5e38b8344a80_0, 0;
    %load/vec4 v0x5e38b8344e30_0;
    %assign/vec4 v0x5e38b8344ed0_0, 0;
    %load/vec4 v0x5e38b8344b40_0;
    %load/vec4 v0x5e38b83449c0_0;
    %pad/u 32;
    %load/vec4 v0x5e38b8344e30_0;
    %pad/u 32;
    %mul;
    %add;
    %assign/vec4 v0x5e38b8344b40_0, 0;
T_1.2 ;
T_1.1 ;
    %jmp T_1;
    .thread T_1;
    .scope S_0x5e38b83450e0;
T_2 ;
    %wait E_0x5e38b82dc700;
    %load/vec4 v0x5e38b8345780_0;
    %nor/r;
    %flag_set/vec4 8;
    %jmp/0xz  T_2.0, 8;
    %pushi/vec4 0, 0, 8;
    %assign/vec4 v0x5e38b83453a0_0, 0;
    %pushi/vec4 0, 0, 8;
    %assign/vec4 v0x5e38b8345950_0, 0;
    %pushi/vec4 0, 0, 32;
    %assign/vec4 v0x5e38b8345460_0, 0;
    %jmp T_2.1;
T_2.0 ;
    %load/vec4 v0x5e38b8345640_0;
    %flag_set/vec4 8;
    %jmp/0xz  T_2.2, 8;
    %load/vec4 v0x5e38b83452b0_0;
    %assign/vec4 v0x5e38b83453a0_0, 0;
    %load/vec4 v0x5e38b8345870_0;
    %assign/vec4 v0x5e38b8345950_0, 0;
    %load/vec4 v0x5e38b8345460_0;
    %load/vec4 v0x5e38b83452b0_0;
    %pad/u 32;
    %load/vec4 v0x5e38b8345870_0;
    %pad/u 32;
    %mul;
    %add;
    %assign/vec4 v0x5e38b8345460_0, 0;
T_2.2 ;
T_2.1 ;
    %jmp T_2;
    .thread T_2;
    .scope S_0x5e38b8345b80;
T_3 ;
    %wait E_0x5e38b82dc700;
    %load/vec4 v0x5e38b8346140_0;
    %nor/r;
    %flag_set/vec4 8;
    %jmp/0xz  T_3.0, 8;
    %pushi/vec4 0, 0, 8;
    %assign/vec4 v0x5e38b8345e30_0, 0;
    %pushi/vec4 0, 0, 8;
    %assign/vec4 v0x5e38b83462c0_0, 0;
    %pushi/vec4 0, 0, 32;
    %assign/vec4 v0x5e38b8345ef0_0, 0;
    %jmp T_3.1;
T_3.0 ;
    %load/vec4 v0x5e38b8346050_0;
    %flag_set/vec4 8;
    %jmp/0xz  T_3.2, 8;
    %load/vec4 v0x5e38b8345d50_0;
    %assign/vec4 v0x5e38b8345e30_0, 0;
    %load/vec4 v0x5e38b83461e0_0;
    %assign/vec4 v0x5e38b83462c0_0, 0;
    %load/vec4 v0x5e38b8345ef0_0;
    %load/vec4 v0x5e38b8345d50_0;
    %pad/u 32;
    %load/vec4 v0x5e38b83461e0_0;
    %pad/u 32;
    %mul;
    %add;
    %assign/vec4 v0x5e38b8345ef0_0, 0;
T_3.2 ;
T_3.1 ;
    %jmp T_3;
    .thread T_3;
    .scope S_0x5e38b83464f0;
T_4 ;
    %wait E_0x5e38b82dc700;
    %load/vec4 v0x5e38b8346b80_0;
    %nor/r;
    %flag_set/vec4 8;
    %jmp/0xz  T_4.0, 8;
    %pushi/vec4 0, 0, 8;
    %assign/vec4 v0x5e38b8346810_0, 0;
    %pushi/vec4 0, 0, 8;
    %assign/vec4 v0x5e38b8346d70_0, 0;
    %pushi/vec4 0, 0, 32;
    %assign/vec4 v0x5e38b83468f0_0, 0;
    %jmp T_4.1;
T_4.0 ;
    %load/vec4 v0x5e38b8346a50_0;
    %flag_set/vec4 8;
    %jmp/0xz  T_4.2, 8;
    %load/vec4 v0x5e38b8346710_0;
    %assign/vec4 v0x5e38b8346810_0, 0;
    %load/vec4 v0x5e38b8346cb0_0;
    %assign/vec4 v0x5e38b8346d70_0, 0;
    %load/vec4 v0x5e38b83468f0_0;
    %load/vec4 v0x5e38b8346710_0;
    %pad/u 32;
    %load/vec4 v0x5e38b8346cb0_0;
    %pad/u 32;
    %mul;
    %add;
    %assign/vec4 v0x5e38b83468f0_0, 0;
T_4.2 ;
T_4.1 ;
    %jmp T_4;
    .thread T_4;
    .scope S_0x5e38b8346f30;
T_5 ;
    %wait E_0x5e38b82dc700;
    %load/vec4 v0x5e38b83474a0_0;
    %nor/r;
    %flag_set/vec4 8;
    %jmp/0xz  T_5.0, 8;
    %pushi/vec4 0, 0, 8;
    %assign/vec4 v0x5e38b8347190_0, 0;
    %pushi/vec4 0, 0, 8;
    %assign/vec4 v0x5e38b8347600_0, 0;
    %pushi/vec4 0, 0, 32;
    %assign/vec4 v0x5e38b8347250_0, 0;
    %jmp T_5.1;
T_5.0 ;
    %load/vec4 v0x5e38b83473b0_0;
    %flag_set/vec4 8;
    %jmp/0xz  T_5.2, 8;
    %load/vec4 v0x5e38b83470b0_0;
    %assign/vec4 v0x5e38b8347190_0, 0;
    %load/vec4 v0x5e38b8347540_0;
    %assign/vec4 v0x5e38b8347600_0, 0;
    %load/vec4 v0x5e38b8347250_0;
    %load/vec4 v0x5e38b83470b0_0;
    %pad/u 32;
    %load/vec4 v0x5e38b8347540_0;
    %pad/u 32;
    %mul;
    %add;
    %assign/vec4 v0x5e38b8347250_0, 0;
T_5.2 ;
T_5.1 ;
    %jmp T_5;
    .thread T_5;
    .scope S_0x5e38b8347810;
T_6 ;
    %wait E_0x5e38b82dc700;
    %load/vec4 v0x5e38b8347e00_0;
    %nor/r;
    %flag_set/vec4 8;
    %jmp/0xz  T_6.0, 8;
    %pushi/vec4 0, 0, 8;
    %assign/vec4 v0x5e38b8347ac0_0, 0;
    %pushi/vec4 0, 0, 8;
    %assign/vec4 v0x5e38b8347f60_0, 0;
    %pushi/vec4 0, 0, 32;
    %assign/vec4 v0x5e38b8347b80_0, 0;
    %jmp T_6.1;
T_6.0 ;
    %load/vec4 v0x5e38b8347d10_0;
    %flag_set/vec4 8;
    %jmp/0xz  T_6.2, 8;
    %load/vec4 v0x5e38b83479e0_0;
    %assign/vec4 v0x5e38b8347ac0_0, 0;
    %load/vec4 v0x5e38b8347ea0_0;
    %assign/vec4 v0x5e38b8347f60_0, 0;
    %load/vec4 v0x5e38b8347b80_0;
    %load/vec4 v0x5e38b83479e0_0;
    %pad/u 32;
    %load/vec4 v0x5e38b8347ea0_0;
    %pad/u 32;
    %mul;
    %add;
    %assign/vec4 v0x5e38b8347b80_0, 0;
T_6.2 ;
T_6.1 ;
    %jmp T_6;
    .thread T_6;
    .scope S_0x5e38b8348170;
T_7 ;
    %wait E_0x5e38b82dc700;
    %load/vec4 v0x5e38b8348790_0;
    %nor/r;
    %flag_set/vec4 8;
    %jmp/0xz  T_7.0, 8;
    %pushi/vec4 0, 0, 8;
    %assign/vec4 v0x5e38b8348450_0, 0;
    %pushi/vec4 0, 0, 8;
    %assign/vec4 v0x5e38b83488f0_0, 0;
    %pushi/vec4 0, 0, 32;
    %assign/vec4 v0x5e38b8348510_0, 0;
    %jmp T_7.1;
T_7.0 ;
    %load/vec4 v0x5e38b83486a0_0;
    %flag_set/vec4 8;
    %jmp/0xz  T_7.2, 8;
    %load/vec4 v0x5e38b8348340_0;
    %assign/vec4 v0x5e38b8348450_0, 0;
    %load/vec4 v0x5e38b8348830_0;
    %assign/vec4 v0x5e38b83488f0_0, 0;
    %load/vec4 v0x5e38b8348510_0;
    %load/vec4 v0x5e38b8348340_0;
    %pad/u 32;
    %load/vec4 v0x5e38b8348830_0;
    %pad/u 32;
    %mul;
    %add;
    %assign/vec4 v0x5e38b8348510_0, 0;
T_7.2 ;
T_7.1 ;
    %jmp T_7;
    .thread T_7;
    .scope S_0x5e38b8348b00;
T_8 ;
    %wait E_0x5e38b82dc700;
    %load/vec4 v0x5e38b8349240_0;
    %nor/r;
    %flag_set/vec4 8;
    %jmp/0xz  T_8.0, 8;
    %pushi/vec4 0, 0, 8;
    %assign/vec4 v0x5e38b8348ee0_0, 0;
    %pushi/vec4 0, 0, 8;
    %assign/vec4 v0x5e38b83494b0_0, 0;
    %pushi/vec4 0, 0, 32;
    %assign/vec4 v0x5e38b8348fc0_0, 0;
    %jmp T_8.1;
T_8.0 ;
    %load/vec4 v0x5e38b8349150_0;
    %flag_set/vec4 8;
    %jmp/0xz  T_8.2, 8;
    %load/vec4 v0x5e38b8348de0_0;
    %assign/vec4 v0x5e38b8348ee0_0, 0;
    %load/vec4 v0x5e38b83493f0_0;
    %assign/vec4 v0x5e38b83494b0_0, 0;
    %load/vec4 v0x5e38b8348fc0_0;
    %load/vec4 v0x5e38b8348de0_0;
    %pad/u 32;
    %load/vec4 v0x5e38b83493f0_0;
    %pad/u 32;
    %mul;
    %add;
    %assign/vec4 v0x5e38b8348fc0_0, 0;
T_8.2 ;
T_8.1 ;
    %jmp T_8;
    .thread T_8;
    .scope S_0x5e38b83496c0;
T_9 ;
    %wait E_0x5e38b82dc700;
    %load/vec4 v0x5e38b8349db0_0;
    %nor/r;
    %flag_set/vec4 8;
    %jmp/0xz  T_9.0, 8;
    %pushi/vec4 0, 0, 8;
    %assign/vec4 v0x5e38b8349a70_0, 0;
    %pushi/vec4 0, 0, 8;
    %assign/vec4 v0x5e38b8349f10_0, 0;
    %pushi/vec4 0, 0, 32;
    %assign/vec4 v0x5e38b8349b30_0, 0;
    %jmp T_9.1;
T_9.0 ;
    %load/vec4 v0x5e38b8349cc0_0;
    %flag_set/vec4 8;
    %jmp/0xz  T_9.2, 8;
    %load/vec4 v0x5e38b8349960_0;
    %assign/vec4 v0x5e38b8349a70_0, 0;
    %load/vec4 v0x5e38b8349e50_0;
    %assign/vec4 v0x5e38b8349f10_0, 0;
    %load/vec4 v0x5e38b8349b30_0;
    %load/vec4 v0x5e38b8349960_0;
    %pad/u 32;
    %load/vec4 v0x5e38b8349e50_0;
    %pad/u 32;
    %mul;
    %add;
    %assign/vec4 v0x5e38b8349b30_0, 0;
T_9.2 ;
T_9.1 ;
    %jmp T_9;
    .thread T_9;
    .scope S_0x5e38b834a120;
T_10 ;
    %wait E_0x5e38b82dc700;
    %load/vec4 v0x5e38b834a810_0;
    %nor/r;
    %flag_set/vec4 8;
    %jmp/0xz  T_10.0, 8;
    %pushi/vec4 0, 0, 8;
    %assign/vec4 v0x5e38b834a4d0_0, 0;
    %pushi/vec4 0, 0, 8;
    %assign/vec4 v0x5e38b834a970_0, 0;
    %pushi/vec4 0, 0, 32;
    %assign/vec4 v0x5e38b834a590_0, 0;
    %jmp T_10.1;
T_10.0 ;
    %load/vec4 v0x5e38b834a720_0;
    %flag_set/vec4 8;
    %jmp/0xz  T_10.2, 8;
    %load/vec4 v0x5e38b834a3c0_0;
    %assign/vec4 v0x5e38b834a4d0_0, 0;
    %load/vec4 v0x5e38b834a8b0_0;
    %assign/vec4 v0x5e38b834a970_0, 0;
    %load/vec4 v0x5e38b834a590_0;
    %load/vec4 v0x5e38b834a3c0_0;
    %pad/u 32;
    %load/vec4 v0x5e38b834a8b0_0;
    %pad/u 32;
    %mul;
    %add;
    %assign/vec4 v0x5e38b834a590_0, 0;
T_10.2 ;
T_10.1 ;
    %jmp T_10;
    .thread T_10;
    .scope S_0x5e38b834ab80;
T_11 ;
    %wait E_0x5e38b82dc700;
    %load/vec4 v0x5e38b834b270_0;
    %nor/r;
    %flag_set/vec4 8;
    %jmp/0xz  T_11.0, 8;
    %pushi/vec4 0, 0, 8;
    %assign/vec4 v0x5e38b834af30_0, 0;
    %pushi/vec4 0, 0, 8;
    %assign/vec4 v0x5e38b834b3d0_0, 0;
    %pushi/vec4 0, 0, 32;
    %assign/vec4 v0x5e38b834aff0_0, 0;
    %jmp T_11.1;
T_11.0 ;
    %load/vec4 v0x5e38b834b180_0;
    %flag_set/vec4 8;
    %jmp/0xz  T_11.2, 8;
    %load/vec4 v0x5e38b834ae20_0;
    %assign/vec4 v0x5e38b834af30_0, 0;
    %load/vec4 v0x5e38b834b310_0;
    %assign/vec4 v0x5e38b834b3d0_0, 0;
    %load/vec4 v0x5e38b834aff0_0;
    %load/vec4 v0x5e38b834ae20_0;
    %pad/u 32;
    %load/vec4 v0x5e38b834b310_0;
    %pad/u 32;
    %mul;
    %add;
    %assign/vec4 v0x5e38b834aff0_0, 0;
T_11.2 ;
T_11.1 ;
    %jmp T_11;
    .thread T_11;
    .scope S_0x5e38b834b5e0;
T_12 ;
    %wait E_0x5e38b82dc700;
    %load/vec4 v0x5e38b834bce0_0;
    %nor/r;
    %flag_set/vec4 8;
    %jmp/0xz  T_12.0, 8;
    %pushi/vec4 0, 0, 8;
    %assign/vec4 v0x5e38b834b980_0, 0;
    %pushi/vec4 0, 0, 8;
    %assign/vec4 v0x5e38b834be40_0, 0;
    %pushi/vec4 0, 0, 32;
    %assign/vec4 v0x5e38b834ba60_0, 0;
    %jmp T_12.1;
T_12.0 ;
    %load/vec4 v0x5e38b834bbf0_0;
    %flag_set/vec4 8;
    %jmp/0xz  T_12.2, 8;
    %load/vec4 v0x5e38b834b880_0;
    %assign/vec4 v0x5e38b834b980_0, 0;
    %load/vec4 v0x5e38b834bd80_0;
    %assign/vec4 v0x5e38b834be40_0, 0;
    %load/vec4 v0x5e38b834ba60_0;
    %load/vec4 v0x5e38b834b880_0;
    %pad/u 32;
    %load/vec4 v0x5e38b834bd80_0;
    %pad/u 32;
    %mul;
    %add;
    %assign/vec4 v0x5e38b834ba60_0, 0;
T_12.2 ;
T_12.1 ;
    %jmp T_12;
    .thread T_12;
    .scope S_0x5e38b834c050;
T_13 ;
    %wait E_0x5e38b82dc700;
    %load/vec4 v0x5e38b834c740_0;
    %nor/r;
    %flag_set/vec4 8;
    %jmp/0xz  T_13.0, 8;
    %pushi/vec4 0, 0, 8;
    %assign/vec4 v0x5e38b834c400_0, 0;
    %pushi/vec4 0, 0, 8;
    %assign/vec4 v0x5e38b834c8a0_0, 0;
    %pushi/vec4 0, 0, 32;
    %assign/vec4 v0x5e38b834c4c0_0, 0;
    %jmp T_13.1;
T_13.0 ;
    %load/vec4 v0x5e38b834c650_0;
    %flag_set/vec4 8;
    %jmp/0xz  T_13.2, 8;
    %load/vec4 v0x5e38b834c2f0_0;
    %assign/vec4 v0x5e38b834c400_0, 0;
    %load/vec4 v0x5e38b834c7e0_0;
    %assign/vec4 v0x5e38b834c8a0_0, 0;
    %load/vec4 v0x5e38b834c4c0_0;
    %load/vec4 v0x5e38b834c2f0_0;
    %pad/u 32;
    %load/vec4 v0x5e38b834c7e0_0;
    %pad/u 32;
    %mul;
    %add;
    %assign/vec4 v0x5e38b834c4c0_0, 0;
T_13.2 ;
T_13.1 ;
    %jmp T_13;
    .thread T_13;
    .scope S_0x5e38b834cab0;
T_14 ;
    %wait E_0x5e38b82dc700;
    %load/vec4 v0x5e38b834d1a0_0;
    %nor/r;
    %flag_set/vec4 8;
    %jmp/0xz  T_14.0, 8;
    %pushi/vec4 0, 0, 8;
    %assign/vec4 v0x5e38b834ce60_0, 0;
    %pushi/vec4 0, 0, 8;
    %assign/vec4 v0x5e38b834d300_0, 0;
    %pushi/vec4 0, 0, 32;
    %assign/vec4 v0x5e38b834cf20_0, 0;
    %jmp T_14.1;
T_14.0 ;
    %load/vec4 v0x5e38b834d0b0_0;
    %flag_set/vec4 8;
    %jmp/0xz  T_14.2, 8;
    %load/vec4 v0x5e38b834cd50_0;
    %assign/vec4 v0x5e38b834ce60_0, 0;
    %load/vec4 v0x5e38b834d240_0;
    %assign/vec4 v0x5e38b834d300_0, 0;
    %load/vec4 v0x5e38b834cf20_0;
    %load/vec4 v0x5e38b834cd50_0;
    %pad/u 32;
    %load/vec4 v0x5e38b834d240_0;
    %pad/u 32;
    %mul;
    %add;
    %assign/vec4 v0x5e38b834cf20_0, 0;
T_14.2 ;
T_14.1 ;
    %jmp T_14;
    .thread T_14;
    .scope S_0x5e38b834d510;
T_15 ;
    %wait E_0x5e38b82dc700;
    %load/vec4 v0x5e38b834dc00_0;
    %nor/r;
    %flag_set/vec4 8;
    %jmp/0xz  T_15.0, 8;
    %pushi/vec4 0, 0, 8;
    %assign/vec4 v0x5e38b834d8c0_0, 0;
    %pushi/vec4 0, 0, 8;
    %assign/vec4 v0x5e38b834dd60_0, 0;
    %pushi/vec4 0, 0, 32;
    %assign/vec4 v0x5e38b834d980_0, 0;
    %jmp T_15.1;
T_15.0 ;
    %load/vec4 v0x5e38b834db10_0;
    %flag_set/vec4 8;
    %jmp/0xz  T_15.2, 8;
    %load/vec4 v0x5e38b834d7b0_0;
    %assign/vec4 v0x5e38b834d8c0_0, 0;
    %load/vec4 v0x5e38b834dca0_0;
    %assign/vec4 v0x5e38b834dd60_0, 0;
    %load/vec4 v0x5e38b834d980_0;
    %load/vec4 v0x5e38b834d7b0_0;
    %pad/u 32;
    %load/vec4 v0x5e38b834dca0_0;
    %pad/u 32;
    %mul;
    %add;
    %assign/vec4 v0x5e38b834d980_0, 0;
T_15.2 ;
T_15.1 ;
    %jmp T_15;
    .thread T_15;
    .scope S_0x5e38b8327000;
T_16 ;
    %delay 5, 0;
    %load/vec4 v0x5e38b8351c70_0;
    %inv;
    %store/vec4 v0x5e38b8351c70_0, 0, 1;
    %jmp T_16;
    .thread T_16;
    .scope S_0x5e38b8327000;
T_17 ;
    %vpi_call 2 40 "$dumpfile", "sim/systolic2.vcd" {0 0 0};
    %vpi_call 2 41 "$dumpvars", 32'sb00000000000000000000000000000000, S_0x5e38b8327000 {0 0 0};
    %pushi/vec4 0, 0, 1;
    %store/vec4 v0x5e38b8351c70_0, 0, 1;
    %pushi/vec4 0, 0, 1;
    %store/vec4 v0x5e38b8353020_0, 0, 1;
    %pushi/vec4 0, 0, 1;
    %store/vec4 v0x5e38b8351d10_0, 0, 1;
    %pushi/vec4 0, 0, 8;
    %store/vec4 v0x5e38b83517e0_0, 0, 8;
    %pushi/vec4 0, 0, 8;
    %store/vec4 v0x5e38b83518f0_0, 0, 8;
    %pushi/vec4 0, 0, 8;
    %store/vec4 v0x5e38b8351a50_0, 0, 8;
    %pushi/vec4 0, 0, 8;
    %store/vec4 v0x5e38b8351b60_0, 0, 8;
    %pushi/vec4 0, 0, 8;
    %store/vec4 v0x5e38b83530c0_0, 0, 8;
    %pushi/vec4 0, 0, 8;
    %store/vec4 v0x5e38b83531d0_0, 0, 8;
    %pushi/vec4 0, 0, 8;
    %store/vec4 v0x5e38b83532e0_0, 0, 8;
    %pushi/vec4 0, 0, 8;
    %store/vec4 v0x5e38b83533f0_0, 0, 8;
    %pushi/vec4 1, 0, 8;
    %ix/load 4, 0, 0;
    %flag_set/imm 4, 0;
    %store/vec4a v0x5e38b83515a0, 4, 0;
    %pushi/vec4 2, 0, 8;
    %ix/load 4, 1, 0;
    %flag_set/imm 4, 0;
    %store/vec4a v0x5e38b83515a0, 4, 0;
    %pushi/vec4 3, 0, 8;
    %ix/load 4, 2, 0;
    %flag_set/imm 4, 0;
    %store/vec4a v0x5e38b83515a0, 4, 0;
    %pushi/vec4 4, 0, 8;
    %ix/load 4, 3, 0;
    %flag_set/imm 4, 0;
    %store/vec4a v0x5e38b83515a0, 4, 0;
    %pushi/vec4 5, 0, 8;
    %ix/load 4, 4, 0;
    %flag_set/imm 4, 0;
    %store/vec4a v0x5e38b83515a0, 4, 0;
    %pushi/vec4 6, 0, 8;
    %ix/load 4, 5, 0;
    %flag_set/imm 4, 0;
    %store/vec4a v0x5e38b83515a0, 4, 0;
    %pushi/vec4 7, 0, 8;
    %ix/load 4, 6, 0;
    %flag_set/imm 4, 0;
    %store/vec4a v0x5e38b83515a0, 4, 0;
    %pushi/vec4 8, 0, 8;
    %ix/load 4, 7, 0;
    %flag_set/imm 4, 0;
    %store/vec4a v0x5e38b83515a0, 4, 0;
    %pushi/vec4 9, 0, 8;
    %ix/load 4, 8, 0;
    %flag_set/imm 4, 0;
    %store/vec4a v0x5e38b83515a0, 4, 0;
    %pushi/vec4 10, 0, 8;
    %ix/load 4, 9, 0;
    %flag_set/imm 4, 0;
    %store/vec4a v0x5e38b83515a0, 4, 0;
    %pushi/vec4 11, 0, 8;
    %ix/load 4, 10, 0;
    %flag_set/imm 4, 0;
    %store/vec4a v0x5e38b83515a0, 4, 0;
    %pushi/vec4 12, 0, 8;
    %ix/load 4, 11, 0;
    %flag_set/imm 4, 0;
    %store/vec4a v0x5e38b83515a0, 4, 0;
    %pushi/vec4 13, 0, 8;
    %ix/load 4, 12, 0;
    %flag_set/imm 4, 0;
    %store/vec4a v0x5e38b83515a0, 4, 0;
    %pushi/vec4 14, 0, 8;
    %ix/load 4, 13, 0;
    %flag_set/imm 4, 0;
    %store/vec4a v0x5e38b83515a0, 4, 0;
    %pushi/vec4 15, 0, 8;
    %ix/load 4, 14, 0;
    %flag_set/imm 4, 0;
    %store/vec4a v0x5e38b83515a0, 4, 0;
    %pushi/vec4 16, 0, 8;
    %ix/load 4, 15, 0;
    %flag_set/imm 4, 0;
    %store/vec4a v0x5e38b83515a0, 4, 0;
    %pushi/vec4 2, 0, 8;
    %ix/load 4, 0, 0;
    %flag_set/imm 4, 0;
    %store/vec4a v0x5e38b8351680, 4, 0;
    %pushi/vec4 0, 0, 8;
    %ix/load 4, 1, 0;
    %flag_set/imm 4, 0;
    %store/vec4a v0x5e38b8351680, 4, 0;
    %pushi/vec4 1, 0, 8;
    %ix/load 4, 2, 0;
    %flag_set/imm 4, 0;
    %store/vec4a v0x5e38b8351680, 4, 0;
    %pushi/vec4 0, 0, 8;
    %ix/load 4, 3, 0;
    %flag_set/imm 4, 0;
    %store/vec4a v0x5e38b8351680, 4, 0;
    %pushi/vec4 0, 0, 8;
    %ix/load 4, 4, 0;
    %flag_set/imm 4, 0;
    %store/vec4a v0x5e38b8351680, 4, 0;
    %pushi/vec4 3, 0, 8;
    %ix/load 4, 5, 0;
    %flag_set/imm 4, 0;
    %store/vec4a v0x5e38b8351680, 4, 0;
    %pushi/vec4 0, 0, 8;
    %ix/load 4, 6, 0;
    %flag_set/imm 4, 0;
    %store/vec4a v0x5e38b8351680, 4, 0;
    %pushi/vec4 1, 0, 8;
    %ix/load 4, 7, 0;
    %flag_set/imm 4, 0;
    %store/vec4a v0x5e38b8351680, 4, 0;
    %pushi/vec4 1, 0, 8;
    %ix/load 4, 8, 0;
    %flag_set/imm 4, 0;
    %store/vec4a v0x5e38b8351680, 4, 0;
    %pushi/vec4 0, 0, 8;
    %ix/load 4, 9, 0;
    %flag_set/imm 4, 0;
    %store/vec4a v0x5e38b8351680, 4, 0;
    %pushi/vec4 2, 0, 8;
    %ix/load 4, 10, 0;
    %flag_set/imm 4, 0;
    %store/vec4a v0x5e38b8351680, 4, 0;
    %pushi/vec4 0, 0, 8;
    %ix/load 4, 11, 0;
    %flag_set/imm 4, 0;
    %store/vec4a v0x5e38b8351680, 4, 0;
    %pushi/vec4 0, 0, 8;
    %ix/load 4, 12, 0;
    %flag_set/imm 4, 0;
    %store/vec4a v0x5e38b8351680, 4, 0;
    %pushi/vec4 1, 0, 8;
    %ix/load 4, 13, 0;
    %flag_set/imm 4, 0;
    %store/vec4a v0x5e38b8351680, 4, 0;
    %pushi/vec4 0, 0, 8;
    %ix/load 4, 14, 0;
    %flag_set/imm 4, 0;
    %store/vec4a v0x5e38b8351680, 4, 0;
    %pushi/vec4 3, 0, 8;
    %ix/load 4, 15, 0;
    %flag_set/imm 4, 0;
    %store/vec4a v0x5e38b8351680, 4, 0;
    %pushi/vec4 5, 0, 32;
    %ix/load 4, 0, 0;
    %flag_set/imm 4, 0;
    %store/vec4a v0x5e38b8351740, 4, 0;
    %pushi/vec4 10, 0, 32;
    %ix/load 4, 1, 0;
    %flag_set/imm 4, 0;
    %store/vec4a v0x5e38b8351740, 4, 0;
    %pushi/vec4 7, 0, 32;
    %ix/load 4, 2, 0;
    %flag_set/imm 4, 0;
    %store/vec4a v0x5e38b8351740, 4, 0;
    %pushi/vec4 14, 0, 32;
    %ix/load 4, 3, 0;
    %flag_set/imm 4, 0;
    %store/vec4a v0x5e38b8351740, 4, 0;
    %pushi/vec4 17, 0, 32;
    %ix/load 4, 4, 0;
    %flag_set/imm 4, 0;
    %store/vec4a v0x5e38b8351740, 4, 0;
    %pushi/vec4 26, 0, 32;
    %ix/load 4, 5, 0;
    %flag_set/imm 4, 0;
    %store/vec4a v0x5e38b8351740, 4, 0;
    %pushi/vec4 19, 0, 32;
    %ix/load 4, 6, 0;
    %flag_set/imm 4, 0;
    %store/vec4a v0x5e38b8351740, 4, 0;
    %pushi/vec4 30, 0, 32;
    %ix/load 4, 7, 0;
    %flag_set/imm 4, 0;
    %store/vec4a v0x5e38b8351740, 4, 0;
    %pushi/vec4 29, 0, 32;
    %ix/load 4, 8, 0;
    %flag_set/imm 4, 0;
    %store/vec4a v0x5e38b8351740, 4, 0;
    %pushi/vec4 42, 0, 32;
    %ix/load 4, 9, 0;
    %flag_set/imm 4, 0;
    %store/vec4a v0x5e38b8351740, 4, 0;
    %pushi/vec4 31, 0, 32;
    %ix/load 4, 10, 0;
    %flag_set/imm 4, 0;
    %store/vec4a v0x5e38b8351740, 4, 0;
    %pushi/vec4 46, 0, 32;
    %ix/load 4, 11, 0;
    %flag_set/imm 4, 0;
    %store/vec4a v0x5e38b8351740, 4, 0;
    %pushi/vec4 41, 0, 32;
    %ix/load 4, 12, 0;
    %flag_set/imm 4, 0;
    %store/vec4a v0x5e38b8351740, 4, 0;
    %pushi/vec4 58, 0, 32;
    %ix/load 4, 13, 0;
    %flag_set/imm 4, 0;
    %store/vec4a v0x5e38b8351740, 4, 0;
    %pushi/vec4 43, 0, 32;
    %ix/load 4, 14, 0;
    %flag_set/imm 4, 0;
    %store/vec4a v0x5e38b8351740, 4, 0;
    %pushi/vec4 62, 0, 32;
    %ix/load 4, 15, 0;
    %flag_set/imm 4, 0;
    %store/vec4a v0x5e38b8351740, 4, 0;
    %pushi/vec4 4, 0, 32;
T_17.0 %dup/vec4;
    %pushi/vec4 0, 0, 32;
    %cmp/s;
    %jmp/1xz T_17.1, 5;
    %jmp/1 T_17.1, 4;
    %pushi/vec4 1, 0, 32;
    %sub;
    %wait E_0x5e38b82dc8e0;
    %jmp T_17.0;
T_17.1 ;
    %pop/vec4 1;
    %pushi/vec4 1, 0, 1;
    %store/vec4 v0x5e38b8353020_0, 0, 1;
    %pushi/vec4 1, 0, 1;
    %store/vec4 v0x5e38b8351d10_0, 0, 1;
    %pushi/vec4 2, 0, 32;
T_17.2 %dup/vec4;
    %pushi/vec4 0, 0, 32;
    %cmp/s;
    %jmp/1xz T_17.3, 5;
    %jmp/1 T_17.3, 4;
    %pushi/vec4 1, 0, 32;
    %sub;
    %wait E_0x5e38b82dc8e0;
    %jmp T_17.2;
T_17.3 ;
    %pop/vec4 1;
    %wait E_0x5e38b82dc8e0;
    %ix/load 4, 0, 0;
    %flag_set/imm 4, 0;
    %load/vec4a v0x5e38b83515a0, 4;
    %store/vec4 v0x5e38b83517e0_0, 0, 8;
    %pushi/vec4 0, 0, 8;
    %store/vec4 v0x5e38b83518f0_0, 0, 8;
    %pushi/vec4 0, 0, 8;
    %store/vec4 v0x5e38b8351a50_0, 0, 8;
    %pushi/vec4 0, 0, 8;
    %store/vec4 v0x5e38b8351b60_0, 0, 8;
    %ix/load 4, 0, 0;
    %flag_set/imm 4, 0;
    %load/vec4a v0x5e38b8351680, 4;
    %store/vec4 v0x5e38b83530c0_0, 0, 8;
    %pushi/vec4 0, 0, 8;
    %store/vec4 v0x5e38b83531d0_0, 0, 8;
    %pushi/vec4 0, 0, 8;
    %store/vec4 v0x5e38b83532e0_0, 0, 8;
    %pushi/vec4 0, 0, 8;
    %store/vec4 v0x5e38b83533f0_0, 0, 8;
    %wait E_0x5e38b82dc8e0;
    %ix/load 4, 1, 0;
    %flag_set/imm 4, 0;
    %load/vec4a v0x5e38b83515a0, 4;
    %store/vec4 v0x5e38b83517e0_0, 0, 8;
    %ix/load 4, 4, 0;
    %flag_set/imm 4, 0;
    %load/vec4a v0x5e38b83515a0, 4;
    %store/vec4 v0x5e38b83518f0_0, 0, 8;
    %pushi/vec4 0, 0, 8;
    %store/vec4 v0x5e38b8351a50_0, 0, 8;
    %pushi/vec4 0, 0, 8;
    %store/vec4 v0x5e38b8351b60_0, 0, 8;
    %ix/load 4, 4, 0;
    %flag_set/imm 4, 0;
    %load/vec4a v0x5e38b8351680, 4;
    %store/vec4 v0x5e38b83530c0_0, 0, 8;
    %ix/load 4, 1, 0;
    %flag_set/imm 4, 0;
    %load/vec4a v0x5e38b8351680, 4;
    %store/vec4 v0x5e38b83531d0_0, 0, 8;
    %pushi/vec4 0, 0, 8;
    %store/vec4 v0x5e38b83532e0_0, 0, 8;
    %pushi/vec4 0, 0, 8;
    %store/vec4 v0x5e38b83533f0_0, 0, 8;
    %wait E_0x5e38b82dc8e0;
    %ix/load 4, 2, 0;
    %flag_set/imm 4, 0;
    %load/vec4a v0x5e38b83515a0, 4;
    %store/vec4 v0x5e38b83517e0_0, 0, 8;
    %ix/load 4, 5, 0;
    %flag_set/imm 4, 0;
    %load/vec4a v0x5e38b83515a0, 4;
    %store/vec4 v0x5e38b83518f0_0, 0, 8;
    %ix/load 4, 8, 0;
    %flag_set/imm 4, 0;
    %load/vec4a v0x5e38b83515a0, 4;
    %store/vec4 v0x5e38b8351a50_0, 0, 8;
    %pushi/vec4 0, 0, 8;
    %store/vec4 v0x5e38b8351b60_0, 0, 8;
    %ix/load 4, 8, 0;
    %flag_set/imm 4, 0;
    %load/vec4a v0x5e38b8351680, 4;
    %store/vec4 v0x5e38b83530c0_0, 0, 8;
    %ix/load 4, 5, 0;
    %flag_set/imm 4, 0;
    %load/vec4a v0x5e38b8351680, 4;
    %store/vec4 v0x5e38b83531d0_0, 0, 8;
    %ix/load 4, 2, 0;
    %flag_set/imm 4, 0;
    %load/vec4a v0x5e38b8351680, 4;
    %store/vec4 v0x5e38b83532e0_0, 0, 8;
    %pushi/vec4 0, 0, 8;
    %store/vec4 v0x5e38b83533f0_0, 0, 8;
    %wait E_0x5e38b82dc8e0;
    %ix/load 4, 3, 0;
    %flag_set/imm 4, 0;
    %load/vec4a v0x5e38b83515a0, 4;
    %store/vec4 v0x5e38b83517e0_0, 0, 8;
    %ix/load 4, 6, 0;
    %flag_set/imm 4, 0;
    %load/vec4a v0x5e38b83515a0, 4;
    %store/vec4 v0x5e38b83518f0_0, 0, 8;
    %ix/load 4, 9, 0;
    %flag_set/imm 4, 0;
    %load/vec4a v0x5e38b83515a0, 4;
    %store/vec4 v0x5e38b8351a50_0, 0, 8;
    %ix/load 4, 12, 0;
    %flag_set/imm 4, 0;
    %load/vec4a v0x5e38b83515a0, 4;
    %store/vec4 v0x5e38b8351b60_0, 0, 8;
    %ix/load 4, 12, 0;
    %flag_set/imm 4, 0;
    %load/vec4a v0x5e38b8351680, 4;
    %store/vec4 v0x5e38b83530c0_0, 0, 8;
    %ix/load 4, 9, 0;
    %flag_set/imm 4, 0;
    %load/vec4a v0x5e38b8351680, 4;
    %store/vec4 v0x5e38b83531d0_0, 0, 8;
    %ix/load 4, 6, 0;
    %flag_set/imm 4, 0;
    %load/vec4a v0x5e38b8351680, 4;
    %store/vec4 v0x5e38b83532e0_0, 0, 8;
    %ix/load 4, 3, 0;
    %flag_set/imm 4, 0;
    %load/vec4a v0x5e38b8351680, 4;
    %store/vec4 v0x5e38b83533f0_0, 0, 8;
    %wait E_0x5e38b82dc8e0;
    %pushi/vec4 0, 0, 8;
    %store/vec4 v0x5e38b83517e0_0, 0, 8;
    %ix/load 4, 7, 0;
    %flag_set/imm 4, 0;
    %load/vec4a v0x5e38b83515a0, 4;
    %store/vec4 v0x5e38b83518f0_0, 0, 8;
    %ix/load 4, 10, 0;
    %flag_set/imm 4, 0;
    %load/vec4a v0x5e38b83515a0, 4;
    %store/vec4 v0x5e38b8351a50_0, 0, 8;
    %ix/load 4, 13, 0;
    %flag_set/imm 4, 0;
    %load/vec4a v0x5e38b83515a0, 4;
    %store/vec4 v0x5e38b8351b60_0, 0, 8;
    %pushi/vec4 0, 0, 8;
    %store/vec4 v0x5e38b83530c0_0, 0, 8;
    %ix/load 4, 13, 0;
    %flag_set/imm 4, 0;
    %load/vec4a v0x5e38b8351680, 4;
    %store/vec4 v0x5e38b83531d0_0, 0, 8;
    %ix/load 4, 10, 0;
    %flag_set/imm 4, 0;
    %load/vec4a v0x5e38b8351680, 4;
    %store/vec4 v0x5e38b83532e0_0, 0, 8;
    %ix/load 4, 7, 0;
    %flag_set/imm 4, 0;
    %load/vec4a v0x5e38b8351680, 4;
    %store/vec4 v0x5e38b83533f0_0, 0, 8;
    %wait E_0x5e38b82dc8e0;
    %pushi/vec4 0, 0, 8;
    %store/vec4 v0x5e38b83517e0_0, 0, 8;
    %pushi/vec4 0, 0, 8;
    %store/vec4 v0x5e38b83518f0_0, 0, 8;
    %ix/load 4, 11, 0;
    %flag_set/imm 4, 0;
    %load/vec4a v0x5e38b83515a0, 4;
    %store/vec4 v0x5e38b8351a50_0, 0, 8;
    %ix/load 4, 14, 0;
    %flag_set/imm 4, 0;
    %load/vec4a v0x5e38b83515a0, 4;
    %store/vec4 v0x5e38b8351b60_0, 0, 8;
    %pushi/vec4 0, 0, 8;
    %store/vec4 v0x5e38b83530c0_0, 0, 8;
    %pushi/vec4 0, 0, 8;
    %store/vec4 v0x5e38b83531d0_0, 0, 8;
    %ix/load 4, 14, 0;
    %flag_set/imm 4, 0;
    %load/vec4a v0x5e38b8351680, 4;
    %store/vec4 v0x5e38b83532e0_0, 0, 8;
    %ix/load 4, 11, 0;
    %flag_set/imm 4, 0;
    %load/vec4a v0x5e38b8351680, 4;
    %store/vec4 v0x5e38b83533f0_0, 0, 8;
    %wait E_0x5e38b82dc8e0;
    %pushi/vec4 0, 0, 8;
    %store/vec4 v0x5e38b83517e0_0, 0, 8;
    %pushi/vec4 0, 0, 8;
    %store/vec4 v0x5e38b83518f0_0, 0, 8;
    %pushi/vec4 0, 0, 8;
    %store/vec4 v0x5e38b8351a50_0, 0, 8;
    %ix/load 4, 15, 0;
    %flag_set/imm 4, 0;
    %load/vec4a v0x5e38b83515a0, 4;
    %store/vec4 v0x5e38b8351b60_0, 0, 8;
    %pushi/vec4 0, 0, 8;
    %store/vec4 v0x5e38b83530c0_0, 0, 8;
    %pushi/vec4 0, 0, 8;
    %store/vec4 v0x5e38b83531d0_0, 0, 8;
    %pushi/vec4 0, 0, 8;
    %store/vec4 v0x5e38b83532e0_0, 0, 8;
    %ix/load 4, 15, 0;
    %flag_set/imm 4, 0;
    %load/vec4a v0x5e38b8351680, 4;
    %store/vec4 v0x5e38b83533f0_0, 0, 8;
    %wait E_0x5e38b82dc8e0;
    %pushi/vec4 0, 0, 8;
    %store/vec4 v0x5e38b83517e0_0, 0, 8;
    %pushi/vec4 0, 0, 8;
    %store/vec4 v0x5e38b83518f0_0, 0, 8;
    %pushi/vec4 0, 0, 8;
    %store/vec4 v0x5e38b8351a50_0, 0, 8;
    %pushi/vec4 0, 0, 8;
    %store/vec4 v0x5e38b8351b60_0, 0, 8;
    %pushi/vec4 0, 0, 8;
    %store/vec4 v0x5e38b83530c0_0, 0, 8;
    %pushi/vec4 0, 0, 8;
    %store/vec4 v0x5e38b83531d0_0, 0, 8;
    %pushi/vec4 0, 0, 8;
    %store/vec4 v0x5e38b83532e0_0, 0, 8;
    %pushi/vec4 0, 0, 8;
    %store/vec4 v0x5e38b83533f0_0, 0, 8;
    %pushi/vec4 5, 0, 32;
T_17.4 %dup/vec4;
    %pushi/vec4 0, 0, 32;
    %cmp/s;
    %jmp/1xz T_17.5, 5;
    %jmp/1 T_17.5, 4;
    %pushi/vec4 1, 0, 32;
    %sub;
    %wait E_0x5e38b82dc8e0;
    %jmp T_17.4;
T_17.5 ;
    %pop/vec4 1;
    %pushi/vec4 0, 0, 32;
    %store/vec4 v0x5e38b8352f40_0, 0, 32;
    %pushi/vec4 0, 0, 32;
    %store/vec4 v0x5e38b8351db0_0, 0, 32;
    %vpi_call 2 105 "$display", "\012=== Test 2: Non-Trivial Matrix ===" {0 0 0};
    %vpi_call 2 106 "$display", "RTL Output:" {0 0 0};
    %vpi_call 2 107 "$display", "  [%0d, %0d, %0d, %0d]", v0x5e38b8351e90_0, v0x5e38b8351f50_0, v0x5e38b8352060_0, v0x5e38b8352170_0 {0 0 0};
    %vpi_call 2 108 "$display", "  [%0d, %0d, %0d, %0d]", v0x5e38b8352280_0, v0x5e38b8352390_0, v0x5e38b83524a0_0, v0x5e38b83525b0_0 {0 0 0};
    %vpi_call 2 109 "$display", "  [%0d, %0d, %0d, %0d]", v0x5e38b83526c0_0, v0x5e38b83527d0_0, v0x5e38b83528e0_0, v0x5e38b83529f0_0 {0 0 0};
    %vpi_call 2 110 "$display", "  [%0d, %0d, %0d, %0d]", v0x5e38b8352b00_0, v0x5e38b8352c10_0, v0x5e38b8352d20_0, v0x5e38b8352e30_0 {0 0 0};
    %vpi_call 2 111 "$display", "Expected:" {0 0 0};
    %vpi_call 2 112 "$display", "  [5, 10, 7, 14]" {0 0 0};
    %vpi_call 2 113 "$display", "  [17, 26, 19, 30]" {0 0 0};
    %vpi_call 2 114 "$display", "  [29, 42, 31, 46]" {0 0 0};
    %vpi_call 2 115 "$display", "  [41, 58, 43, 62]" {0 0 0};
    %load/vec4 v0x5e38b8351e90_0;
    %pushi/vec4 5, 0, 32;
    %cmp/e;
    %flag_get/vec4 4;
    %load/vec4 v0x5e38b8351f50_0;
    %pushi/vec4 10, 0, 32;
    %cmp/e;
    %flag_get/vec4 4;
    %and;
    %load/vec4 v0x5e38b8352060_0;
    %pushi/vec4 7, 0, 32;
    %cmp/e;
    %flag_get/vec4 4;
    %and;
    %load/vec4 v0x5e38b8352170_0;
    %pushi/vec4 14, 0, 32;
    %cmp/e;
    %flag_get/vec4 4;
    %and;
    %flag_set/vec4 8;
    %jmp/0xz  T_17.6, 8;
    %vpi_call 2 117 "$display", "Row 0: PASS" {0 0 0};
    %load/vec4 v0x5e38b8352f40_0;
    %addi 1, 0, 32;
    %store/vec4 v0x5e38b8352f40_0, 0, 32;
    %jmp T_17.7;
T_17.6 ;
    %vpi_call 2 118 "$display", "Row 0: FAIL got [%0d,%0d,%0d,%0d]", v0x5e38b8351e90_0, v0x5e38b8351f50_0, v0x5e38b8352060_0, v0x5e38b8352170_0 {0 0 0};
    %load/vec4 v0x5e38b8351db0_0;
    %addi 1, 0, 32;
    %store/vec4 v0x5e38b8351db0_0, 0, 32;
T_17.7 ;
    %load/vec4 v0x5e38b8352280_0;
    %pushi/vec4 17, 0, 32;
    %cmp/e;
    %flag_get/vec4 4;
    %load/vec4 v0x5e38b8352390_0;
    %pushi/vec4 26, 0, 32;
    %cmp/e;
    %flag_get/vec4 4;
    %and;
    %load/vec4 v0x5e38b83524a0_0;
    %pushi/vec4 19, 0, 32;
    %cmp/e;
    %flag_get/vec4 4;
    %and;
    %load/vec4 v0x5e38b83525b0_0;
    %pushi/vec4 30, 0, 32;
    %cmp/e;
    %flag_get/vec4 4;
    %and;
    %flag_set/vec4 8;
    %jmp/0xz  T_17.8, 8;
    %vpi_call 2 120 "$display", "Row 1: PASS" {0 0 0};
    %load/vec4 v0x5e38b8352f40_0;
    %addi 1, 0, 32;
    %store/vec4 v0x5e38b8352f40_0, 0, 32;
    %jmp T_17.9;
T_17.8 ;
    %vpi_call 2 121 "$display", "Row 1: FAIL got [%0d,%0d,%0d,%0d]", v0x5e38b8352280_0, v0x5e38b8352390_0, v0x5e38b83524a0_0, v0x5e38b83525b0_0 {0 0 0};
    %load/vec4 v0x5e38b8351db0_0;
    %addi 1, 0, 32;
    %store/vec4 v0x5e38b8351db0_0, 0, 32;
T_17.9 ;
    %load/vec4 v0x5e38b83526c0_0;
    %pushi/vec4 29, 0, 32;
    %cmp/e;
    %flag_get/vec4 4;
    %load/vec4 v0x5e38b83527d0_0;
    %pushi/vec4 42, 0, 32;
    %cmp/e;
    %flag_get/vec4 4;
    %and;
    %load/vec4 v0x5e38b83528e0_0;
    %pushi/vec4 31, 0, 32;
    %cmp/e;
    %flag_get/vec4 4;
    %and;
    %load/vec4 v0x5e38b83529f0_0;
    %pushi/vec4 46, 0, 32;
    %cmp/e;
    %flag_get/vec4 4;
    %and;
    %flag_set/vec4 8;
    %jmp/0xz  T_17.10, 8;
    %vpi_call 2 123 "$display", "Row 2: PASS" {0 0 0};
    %load/vec4 v0x5e38b8352f40_0;
    %addi 1, 0, 32;
    %store/vec4 v0x5e38b8352f40_0, 0, 32;
    %jmp T_17.11;
T_17.10 ;
    %vpi_call 2 124 "$display", "Row 2: FAIL got [%0d,%0d,%0d,%0d]", v0x5e38b83526c0_0, v0x5e38b83527d0_0, v0x5e38b83528e0_0, v0x5e38b83529f0_0 {0 0 0};
    %load/vec4 v0x5e38b8351db0_0;
    %addi 1, 0, 32;
    %store/vec4 v0x5e38b8351db0_0, 0, 32;
T_17.11 ;
    %load/vec4 v0x5e38b8352b00_0;
    %pushi/vec4 41, 0, 32;
    %cmp/e;
    %flag_get/vec4 4;
    %load/vec4 v0x5e38b8352c10_0;
    %pushi/vec4 58, 0, 32;
    %cmp/e;
    %flag_get/vec4 4;
    %and;
    %load/vec4 v0x5e38b8352d20_0;
    %pushi/vec4 43, 0, 32;
    %cmp/e;
    %flag_get/vec4 4;
    %and;
    %load/vec4 v0x5e38b8352e30_0;
    %pushi/vec4 62, 0, 32;
    %cmp/e;
    %flag_get/vec4 4;
    %and;
    %flag_set/vec4 8;
    %jmp/0xz  T_17.12, 8;
    %vpi_call 2 126 "$display", "Row 3: PASS" {0 0 0};
    %load/vec4 v0x5e38b8352f40_0;
    %addi 1, 0, 32;
    %store/vec4 v0x5e38b8352f40_0, 0, 32;
    %jmp T_17.13;
T_17.12 ;
    %vpi_call 2 127 "$display", "Row 3: FAIL got [%0d,%0d,%0d,%0d]", v0x5e38b8352b00_0, v0x5e38b8352c10_0, v0x5e38b8352d20_0, v0x5e38b8352e30_0 {0 0 0};
    %load/vec4 v0x5e38b8351db0_0;
    %addi 1, 0, 32;
    %store/vec4 v0x5e38b8351db0_0, 0, 32;
T_17.13 ;
    %vpi_call 2 129 "$display", "\012=== %0d/4 PASS | %0d/4 FAIL ===", v0x5e38b8352f40_0, v0x5e38b8351db0_0 {0 0 0};
    %load/vec4 v0x5e38b8351db0_0;
    %cmpi/e 0, 0, 32;
    %jmp/0xz  T_17.14, 4;
    %vpi_call 2 130 "$display", "*** ALL PASS \342\200\224 Non-Trivial Matrix Verified! ***" {0 0 0};
T_17.14 ;
    %vpi_call 2 132 "$finish" {0 0 0};
    %end;
    .thread T_17;
# The file index is used to find the file name in the following table.
:file_names 5;
    "N/A";
    "<interactive>";
    "tb/tb_systolic2.v";
    "rtl/systolic_4x4.v";
    "rtl/pe.v";
